Microchip MPLAB XC8 Compiler V3.10

Linker command line:

-W-3 \
  --edf=C:\Program Files\Microchip\xc8\v3.10\pic\dat\20250813170317_en.msgs \
  -cn -h+dist/default/production\Polulu_Lab8.X.production.sym \
  --cmf=dist/default/production\Polulu_Lab8.X.production.cmf -z -Q18F46K42 \
  -oC:\Users\aiden\AppData\Local\Temp\xcCsgt4.2\driver_tmp_3.o \
  --defsym=__MPLAB_BUILD=1 --fixupoverflow=error \
  -Mdist/default/production/Polulu_Lab8.X.production.map \
  --md=C:\Users\aiden\AppData\Local\Temp\xcCsgt4.2\driver_tmp_0.dat -E1 \
  -ver=XC8 Compiler -ACODE=00h-0FFFFh -ACONST=00h-0FFFFh \
  -ASMALLCONST=01000h-010FFhx240 -AMEDIUMCONST=01000h-0FFFFh \
  -ACOMRAM=01h-05Fh -AABS1=00h-0FFFh -ABIGRAM=01h-0FFFh \
  -ARAM=060h-0FFh,0100h-01FFhx15 -ABANK0=060h-0FFh -ABANK1=0100h-01FFh \
  -ABANK2=0200h-02FFh -ABANK3=0300h-03FFh -ABANK4=0400h-04FFh \
  -ABANK5=0500h-05FFh -ABANK6=0600h-06FFh -ABANK7=0700h-07FFh \
  -ABANK8=0800h-08FFh -ABANK9=0900h-09FFh -ABANK10=0A00h-0AFFh \
  -ABANK11=0B00h-0BFFh -ABANK12=0C00h-0CFFh -ABANK13=0D00h-0DFFh \
  -ABANK14=0E00h-0EFFh -ABANK15=0F00h-0FFFh \
  -ASFR=03800h-038FFhx7,03F00h-03F5Fh,03F60h-03FFFh -ABIGSFR=03800h-03FFFh \
  -ACONFIG=0300000h-0300009h -AIDLOC=0200000h-020000Fh \
  -AEEDATA=0310000h-03103FFh -peeprom_data=EEDATA -preset_vec=00h \
  -ppowerup=CODE,init -pramtop=01000h -psmallconst=SMALLCONST \
  -pmediumconst=MEDIUMCONST -pconst=CONST -AFARRAM=00h-00h \
  -prdata=COMRAM,nvrram=COMRAM,nvbit=COMRAM,rbss=COMRAM,rbit=COMRAM \
  -pfarbss=FARRAM,fardata=FARRAM,nvFARRAM=FARRAM \
  -pintsave_regs=BIGRAM,bigbss=BIGRAM,bigdata=BIGRAM -pbss=RAM \
  -pidata=CODE,irdata=CODE,ibigdata=CODE,ifardata=CODE -prparam=COMRAM \
  C:\Users\aiden\AppData\Local\Temp\xcCsgt4.2\driver_tmp_14.o \
  dist/default/production\Polulu_Lab8.X.production.o 

Object code version is 3.11

Machine type is 18F46K42



                Name                               Link     Load   Length Selector   Space Scale
C:\Users\aiden\AppData\Local\Temp\xcCsgt4.2\driver_tmp_14.o
                config                           300000   300000        A        0       4
                init                               FFFC     FFFC        4     7FFE       0
                reset_vec                             0        0        4        0       0
dist/default/production\Polulu_Lab8.X.production.o
                config                           300000   300000        A        0       4
                mediumconst                        FB10     FB10      4EC     7D88       0
                text68                             D358     D358        2     69AC       0
                text67                             D35A     D35A        2     69AD       0
                text66                             D35C     D35C        2     69AE       0
                text65                             DCBE     DCBE       96     6E5F       0
                text64                             D446     D446       1A     6A23       0
                text63                             D404     D404       16     6A02       0
                text62                             D4EE     D4EE       2A     6A77       0
                text61                             D78C     D78C       5C     6BC6       0
                text60                             D8AE     D8AE       6C     6C57       0
                text59                             E26A     E26A       B4     7135       0
                text58                             D494     D494       1C     6A4A       0
                text57                             D692     D692       52     6B49       0
                text56                             DDEE     DDEE       9E     6EF7       0
                text55                             D41A     D41A       16     6A0D       0
                text54                             D4CC     D4CC       22     6A66       0
                text53                             D364     D364        4     69B2       0
                text52                             D368     D368        4     69B4       0
                text51                             D3C4     D3C4        C     69E2       0
                text50                             E31E     E31E       C0     718F       0
                text49                             E1BC     E1BC       AE     70DE       0
                text48                             DACC     DACC       72     6D66       0
                text47                             D84A     D84A       64     6C25       0
                text46                             D542     D542       34     6AA1       0
                text45                             D460     D460       1A     6A30       0
                text44                             D374     D374        A     69BA       0
                text43                             E110     E110       AC     7088       0
                text42                             EAF2     EAF2      336     7579       0
                text41                             D736     D736       56     6B9B       0
                text40                             D5B6     D5B6       44     6ADB       0
                text39                             E804     E804      14A     7402       0
                text38                             D47A     D47A       1A     6A3D       0
                text37                             E5C8     E5C8      116     72E4       0
                text36                             D91A     D91A       6C     6C8D       0
                text35                             D986     D986       6C     6CC3       0
                text34                             DE8C     DE8C       9E     6F46       0
                text33                             D4B0     D4B0       1C     6A58       0
                text32                             E6DE     E6DE      126     736F       0
                text31                             D9F2     D9F2       6C     6CF9       0
                text30                             D36C     D36C        8     69B6       0
                text29                             E4BE     E4BE      10A     725F       0
                text28                             DF2A     DF2A       9E     6F95       0
                text27                             E3DE     E3DE       E0     71EF       0
                text26                             D35E     D35E        2     69AF       0
                text25                             D360     D360        2     69B0       0
                text24                             D362     D362        2     69B1       0
                text23                             DD54     DD54       9A     6EAA       0
                text22                             D430     D430       16     6A18       0
                text21                             D518     D518       2A     6A8C       0
                text20                             DC36     DC36       88     6E1B       0
                text19                             DBB0     DBB0       86     6DD8       0
                text18                             D6E4     D6E4       52     6B72       0
                text17                             DB3E     DB3E       72     6D9F       0
                text16                             D7E8     D7E8       62     6BF4       0
                text15                             E94E     E94E      1A4     74A7       0
                text14                             DA5E     DA5E       6E     6D2F       0
                text13                             D3DE     D3DE       12     69EF       0
                text12                             DFC8     DFC8       A0     6FE4       0
                text11                             D3F0     D3F0       14     69F8       0
                text10                             D3D0     D3D0        E     69E8       0
                text9                              D37E     D37E        A     69BF       0
                text8                              D388     D388        A     69C4       0
                text7                              D392     D392        A     69C9       0
                text6                              D644     D644       4E     6B22       0
                text5                              D39C     D39C        A     69CE       0
                text4                              D3A6     D3A6        A     69D3       0
                text3                              D3B0     D3B0        A     69D8       0
                text2                              D5FA     D5FA       4A     6AFD       0
                text1                              E068     E068       A8     7034       0
                text0                              EE28     EE28      CE8     7714       0
                cstackCOMRAM                          1        1       46        1       1
                cstackBANK0                          B8       B8       33       60       1
                dataBANK0                            EB       EB        A       60       1
                bssBANK0                             60       60       58       60       1
                bssCOMRAM                            47       47       15        1       1
                cinit                              D576     D576       40     6ABB       0
                nvBANK0                              F5       F5        8       60       1
                nvCOMRAM                             5C       5C        4        1       1
                idataBANK0                         D3BA     D3BA        A     D3BA       0

TOTAL           Name                               Link     Load   Length     Space
        CLASS   CODE           
                init                               FFFC     FFFC        4         0
                reset_vec                             0        0        4         0
                text68                             D358     D358        2         0
                text67                             D35A     D35A        2         0
                text66                             D35C     D35C        2         0
                text65                             DCBE     DCBE       96         0
                text64                             D446     D446       1A         0
                text63                             D404     D404       16         0
                text62                             D4EE     D4EE       2A         0
                text61                             D78C     D78C       5C         0
                text60                             D8AE     D8AE       6C         0
                text59                             E26A     E26A       B4         0
                text58                             D494     D494       1C         0
                text57                             D692     D692       52         0
                text56                             DDEE     DDEE       9E         0
                text55                             D41A     D41A       16         0
                text54                             D4CC     D4CC       22         0
                text53                             D364     D364        4         0
                text52                             D368     D368        4         0
                text51                             D3C4     D3C4        C         0
                text50                             E31E     E31E       C0         0
                text49                             E1BC     E1BC       AE         0
                text48                             DACC     DACC       72         0
                text47                             D84A     D84A       64         0
                text46                             D542     D542       34         0
                text45                             D460     D460       1A         0
                text44                             D374     D374        A         0
                text43                             E110     E110       AC         0
                text42                             EAF2     EAF2      336         0
                text41                             D736     D736       56         0
                text40                             D5B6     D5B6       44         0
                text39                             E804     E804      14A         0
                text38                             D47A     D47A       1A         0
                text37                             E5C8     E5C8      116         0
                text36                             D91A     D91A       6C         0
                text35                             D986     D986       6C         0
                text34                             DE8C     DE8C       9E         0
                text33                             D4B0     D4B0       1C         0
                text32                             E6DE     E6DE      126         0
                text31                             D9F2     D9F2       6C         0
                text30                             D36C     D36C        8         0
                text29                             E4BE     E4BE      10A         0
                text28                             DF2A     DF2A       9E         0
                text27                             E3DE     E3DE       E0         0
                text26                             D35E     D35E        2         0
                text25                             D360     D360        2         0
                text24                             D362     D362        2         0
                text23                             DD54     DD54       9A         0
                text22                             D430     D430       16         0
                text21                             D518     D518       2A         0
                text20                             DC36     DC36       88         0
                text19                             DBB0     DBB0       86         0
                text18                             D6E4     D6E4       52         0
                text17                             DB3E     DB3E       72         0
                text16                             D7E8     D7E8       62         0
                text15                             E94E     E94E      1A4         0
                text14                             DA5E     DA5E       6E         0
                text13                             D3DE     D3DE       12         0
                text12                             DFC8     DFC8       A0         0
                text11                             D3F0     D3F0       14         0
                text10                             D3D0     D3D0        E         0
                text9                              D37E     D37E        A         0
                text8                              D388     D388        A         0
                text7                              D392     D392        A         0
                text6                              D644     D644       4E         0
                text5                              D39C     D39C        A         0
                text4                              D3A6     D3A6        A         0
                text3                              D3B0     D3B0        A         0
                text2                              D5FA     D5FA       4A         0
                text1                              E068     E068       A8         0
                text0                              EE28     EE28      CE8         0
                cinit                              D576     D576       40         0
                idataBANK0                         D3BA     D3BA        A         0

        CLASS   CONST          

        CLASS   SMALLCONST     

        CLASS   MEDIUMCONST    
                mediumconst                        FB10     FB10      4EC         0

        CLASS   COMRAM         
                cstackCOMRAM                          1        1       46         1
                bssCOMRAM                            47       47       15         1
                nvCOMRAM                             5C       5C        4         1

        CLASS   ABS1           

        CLASS   BIGRAM         

        CLASS   RAM            

        CLASS   BANK0          
                cstackBANK0                          B8       B8       33         1
                dataBANK0                            EB       EB        A         1
                bssBANK0                             60       60       58         1
                nvBANK0                              F5       F5        8         1

        CLASS   BANK1          

        CLASS   BANK2          

        CLASS   BANK3          

        CLASS   BANK4          

        CLASS   BANK5          

        CLASS   BANK6          

        CLASS   BANK7          

        CLASS   BANK8          

        CLASS   BANK9          

        CLASS   BANK10         

        CLASS   BANK11         

        CLASS   BANK12         

        CLASS   BANK13         

        CLASS   BANK14         

        CLASS   BANK15         

        CLASS   SFR            

        CLASS   BIGSFR         

        CLASS   CONFIG         
                config                           300000   300000        A         4

        CLASS   IDLOC          

        CLASS   EEDATA         

        CLASS   FARRAM         

        CLASS   HEAP           

        CLASS   STACK          



SEGMENTS        Name                           Load    Length   Top    Selector   Space  Class

                reset_vec                      000000  000004  000004         0       0  CODE    
                cstackCOMRAM                   000001  00005F  000060         1       1  COMRAM  
                bssBANK0                       000060  00009D  0000FD        60       1  BANK0   
                text68                         00D358  000002  00D35A      69AC       0  CODE    
                text67                         00D35A  000002  00D35C      69AD       0  CODE    
                text66                         00D35C  000002  00D35E      69AE       0  CODE    
                text26                         00D35E  000002  00D360      69AF       0  CODE    
                text25                         00D360  000002  00D362      69B0       0  CODE    
                text24                         00D362  000002  00D364      69B1       0  CODE    
                text53                         00D364  000004  00D368      69B2       0  CODE    
                text52                         00D368  000004  00D36C      69B4       0  CODE    
                text30                         00D36C  000008  00D374      69B6       0  CODE    
                text44                         00D374  00000A  00D37E      69BA       0  CODE    
                text9                          00D37E  00000A  00D388      69BF       0  CODE    
                text8                          00D388  00000A  00D392      69C4       0  CODE    
                text7                          00D392  00000A  00D39C      69C9       0  CODE    
                text5                          00D39C  00000A  00D3A6      69CE       0  CODE    
                text4                          00D3A6  00000A  00D3B0      69D3       0  CODE    
                text3                          00D3B0  00000A  00D3BA      69D8       0  CODE    
                idataBANK0                     00D3BA  00000A  00D3C4      D3BA       0  CODE    
                text51                         00D3C4  00000C  00D3D0      69E2       0  CODE    
                text10                         00D3D0  00000E  00D3DE      69E8       0  CODE    
                text13                         00D3DE  000012  00D3F0      69EF       0  CODE    
                text11                         00D3F0  000014  00D404      69F8       0  CODE    
                text63                         00D404  000016  00D41A      6A02       0  CODE    
                text55                         00D41A  000016  00D430      6A0D       0  CODE    
                text22                         00D430  000016  00D446      6A18       0  CODE    
                text64                         00D446  00001A  00D460      6A23       0  CODE    
                text45                         00D460  00001A  00D47A      6A30       0  CODE    
                text38                         00D47A  00001A  00D494      6A3D       0  CODE    
                text58                         00D494  00001C  00D4B0      6A4A       0  CODE    
                text33                         00D4B0  00001C  00D4CC      6A58       0  CODE    
                text54                         00D4CC  000022  00D4EE      6A66       0  CODE    
                text62                         00D4EE  00002A  00D518      6A77       0  CODE    
                text21                         00D518  00002A  00D542      6A8C       0  CODE    
                text46                         00D542  000034  00D576      6AA1       0  CODE    
                cinit                          00D576  000040  00D5B6      6ABB       0  CODE    
                text40                         00D5B6  000044  00D5FA      6ADB       0  CODE    
                text2                          00D5FA  00004A  00D644      6AFD       0  CODE    
                text6                          00D644  00004E  00D692      6B22       0  CODE    
                text57                         00D692  000052  00D6E4      6B49       0  CODE    
                text18                         00D6E4  000052  00D736      6B72       0  CODE    
                text41                         00D736  000056  00D78C      6B9B       0  CODE    
                text61                         00D78C  00005C  00D7E8      6BC6       0  CODE    
                text16                         00D7E8  000062  00D84A      6BF4       0  CODE    
                text47                         00D84A  000064  00D8AE      6C25       0  CODE    
                text60                         00D8AE  00006C  00D91A      6C57       0  CODE    
                text36                         00D91A  00006C  00D986      6C8D       0  CODE    
                text35                         00D986  00006C  00D9F2      6CC3       0  CODE    
                text31                         00D9F2  00006C  00DA5E      6CF9       0  CODE    
                text14                         00DA5E  00006E  00DACC      6D2F       0  CODE    
                text48                         00DACC  000072  00DB3E      6D66       0  CODE    
                text17                         00DB3E  000072  00DBB0      6D9F       0  CODE    
                text19                         00DBB0  000086  00DC36      6DD8       0  CODE    
                text20                         00DC36  000088  00DCBE      6E1B       0  CODE    
                text65                         00DCBE  000096  00DD54      6E5F       0  CODE    
                text23                         00DD54  00009A  00DDEE      6EAA       0  CODE    
                text56                         00DDEE  00009E  00DE8C      6EF7       0  CODE    
                text34                         00DE8C  00009E  00DF2A      6F46       0  CODE    
                text28                         00DF2A  00009E  00DFC8      6F95       0  CODE    
                text12                         00DFC8  0000A0  00E068      6FE4       0  CODE    
                text1                          00E068  0000A8  00E110      7034       0  CODE    
                text43                         00E110  0000AC  00E1BC      7088       0  CODE    
                text49                         00E1BC  0000AE  00E26A      70DE       0  CODE    
                text59                         00E26A  0000B4  00E31E      7135       0  CODE    
                text50                         00E31E  0000C0  00E3DE      718F       0  CODE    
                text27                         00E3DE  0000E0  00E4BE      71EF       0  CODE    
                text29                         00E4BE  00010A  00E5C8      725F       0  CODE    
                text37                         00E5C8  000116  00E6DE      72E4       0  CODE    
                text32                         00E6DE  000126  00E804      736F       0  CODE    
                text39                         00E804  00014A  00E94E      7402       0  CODE    
                text15                         00E94E  0001A4  00EAF2      74A7       0  CODE    
                text42                         00EAF2  000336  00EE28      7579       0  CODE    
                text0                          00EE28  000CE8  00FB10      7714       0  CODE    
                mediumconst                    00FB10  0004EC  00FFFC      7D88       0  MEDIUMCO
                init                           00FFFC  000004  010000      7FFE       0  CODE    


UNUSED ADDRESS RANGES

        Name                Unused          Largest block    Delta
        BANK0            0000FD-0000FF                3
        BANK1            000100-0001FF              100
        BANK10           000A00-000AFF              100
        BANK11           000B00-000BFF              100
        BANK12           000C00-000CFF              100
        BANK13           000D00-000DFF              100
        BANK14           000E00-000EFF              100
        BANK15           000F00-000FFF              100
        BANK2            000200-0002FF              100
        BANK3            000300-0003FF              100
        BANK4            000400-0004FF              100
        BANK5            000500-0005FF              100
        BANK6            000600-0006FF              100
        BANK7            000700-0007FF              100
        BANK8            000800-0008FF              100
        BANK9            000900-0009FF              100
        BIGRAM           0000FD-000FFF              F03
        BIGSFR           003800-003FFF              800
        CODE             000004-00D357             D354
        CONST            000004-00D357             D354
        EEDATA           310000-3103FF              400
        IDLOC            200000-20000F               10
        MEDIUMCONST      001000-00D357             C358
        RAM              0000FD-000FFF              100
        SFR              003800-003FFF              100
        SMALLCONST       001000-00D357              100

                                  Symbol Table

?_Read_Battery_Voltage                        cstackCOMRAM 000002
?_Read_Calibrated_Sensors                     cstackCOMRAM 000002
?_TMR0_Read16BitTimer                         cstackCOMRAM 000001
?___aldiv                                     cstackCOMRAM 000001
?___awdiv                                     cstackCOMRAM 000001
?___awmod                                     cstackCOMRAM 000001
?___lwdiv                                     cstackCOMRAM 000001
?___lwmod                                     cstackCOMRAM 000001
?_abs                                         cstackCOMRAM 000007
?_printf                                      cstackCOMRAM 000020
?_sprintf                                     cstackCOMRAM 000020
?_vfpfcnvrt                                   cstackCOMRAM 00000B
?_vfprintf                                    cstackCOMRAM 00001A
Backward@speed                                cstackCOMRAM 000002
Calibrate_Sensors@i                           cstackCOMRAM 000012
Calibrate_Sensors@lbyte                       cstackCOMRAM 000008
Calibrate_Sensors@ubyte                       cstackCOMRAM 00000D
Calibrate_Sensors@values                      bssBANK0     0000AE
Countdown@counts                              cstackCOMRAM 00003E
Countdown@i                                   cstackCOMRAM 000042
Countdown@length                              cstackCOMRAM 000041
Countdown@msg                                 cstackCOMRAM 000035
Countdown@time                                cstackCOMRAM 000040
Forward@speed                                 cstackCOMRAM 000002
Gap@i                                         cstackCOMRAM 000018
Gap@i_2773                                    cstackCOMRAM 00001A
Get_Key@rxdata                                cstackCOMRAM 000002
Get_Number@digit                              cstackCOMRAM 000028
Get_Number@value                              cstackCOMRAM 000027
Hard_Left@speed                               cstackCOMRAM 000003
Hard_Left@speed2                              cstackCOMRAM 000002
Hard_Right@speed                              cstackCOMRAM 000003
Hard_Right@speed2                             cstackCOMRAM 000002
LCD_Position@x                                cstackCOMRAM 000003
LCD_Position@y                                cstackCOMRAM 000002
LCD_Print@i                                   cstackCOMRAM 000007
LCD_Print@length                              cstackCOMRAM 000004
LCD_Print@str                                 cstackCOMRAM 000002
LCD_PrintCharacter@byte                       cstackCOMRAM 000002
Left_Turn@differential                        cstackCOMRAM 000002
Left_Turn@speed                               cstackCOMRAM 000004
Read_Battery_Voltage@lbyte                    cstackCOMRAM 000006
Read_Battery_Voltage@ubyte                    cstackCOMRAM 000007
Read_Calibrated_Sensors@F16665                dataBANK0    0000EB
Read_Calibrated_Sensors@i                     cstackCOMRAM 000020
Read_Calibrated_Sensors@i_2727                cstackCOMRAM 000022
Read_Calibrated_Sensors@lowerbyte             cstackCOMRAM 000014
Read_Calibrated_Sensors@multiples             cstackCOMRAM 00000A
Read_Calibrated_Sensors@upperbyte             cstackCOMRAM 000019
Read_Calibrated_Sensors@weight                cstackCOMRAM 00001E
Right_Turn@differential                       cstackCOMRAM 000002
Right_Turn@speed                              cstackCOMRAM 000003
TMR0_Initialize@TMR0control_0                 cstackCOMRAM 000002
TMR0_Initialize@TMR0control_1                 cstackCOMRAM 000001
TMR0_Read16BitTimer@readVal                   cstackCOMRAM 000005
TMR0_Read16BitTimer@readValHigh               cstackCOMRAM 000008
TMR0_Read16BitTimer@readValLow                cstackCOMRAM 000007
TMR0_Write16BitTimer@timerVal                 cstackCOMRAM 00000F
UART1_SetErrorHandler@interruptHandler        cstackCOMRAM 000001
UART1_SetFramingErrorHandler@interruptHandler cstackCOMRAM 000001
UART1_SetOverrunErrorHandler@interruptHandler cstackCOMRAM 000001
UART1_Write@txData                            cstackCOMRAM 000001
UART2_SetErrorHandler@interruptHandler        cstackCOMRAM 000001
UART2_SetFramingErrorHandler@interruptHandler cstackCOMRAM 000001
UART2_SetOverrunErrorHandler@interruptHandler cstackCOMRAM 000001
UART2_Write@txData                            cstackCOMRAM 000001
UpdateGlobal@i                                cstackCOMRAM 000012
UpdateGlobal@i_2719                           cstackCOMRAM 000010
UpdateGlobal@lowerbyte                        cstackCOMRAM 000006
UpdateGlobal@upperbyte                        cstackCOMRAM 00000B
_ADACCH                                       (abs)        003EE9
_ADACCL                                       (abs)        003EE8
_ADACCU                                       (abs)        003EEA
_ADACQH                                       (abs)        003EF4
_ADACQL                                       (abs)        003EF3
_ADACT                                        (abs)        003EFE
_ADACTPPS                                     (abs)        003ADD
_ADCAP                                        (abs)        003EF5
_ADCLK                                        (abs)        003EFF
_ADCNT                                        (abs)        003EEB
_ADCON0                                       (abs)        003EF8
_ADCON0bits                                   (abs)        003EF8
_ADCON1                                       (abs)        003EF9
_ADCON1bits                                   (abs)        003EF9
_ADCON2                                       (abs)        003EFA
_ADCON2bits                                   (abs)        003EFA
_ADCON3                                       (abs)        003EFB
_ADCON3bits                                   (abs)        003EFB
_ADERRH                                       (abs)        003EE3
_ADERRL                                       (abs)        003EE2
_ADFLTRH                                      (abs)        003EE7
_ADFLTRL                                      (abs)        003EE6
_ADLTHH                                       (abs)        003EDF
_ADLTHL                                       (abs)        003EDE
_ADPCH                                        (abs)        003EF1
_ADPREH                                       (abs)        003EF7
_ADPREL                                       (abs)        003EF6
_ADPREVH                                      (abs)        003EEE
_ADPREVL                                      (abs)        003EED
_ADREF                                        (abs)        003EFD
_ADRESH                                       (abs)        003EF0
_ADRESL                                       (abs)        003EEF
_ADRPT                                        (abs)        003EEC
_ADSTAT                                       (abs)        003EFC
_ADSTATbits                                   (abs)        003EFC
_ADSTPTH                                      (abs)        003EE5
_ADSTPTL                                      (abs)        003EE4
_ADUTHH                                       (abs)        003EE1
_ADUTHL                                       (abs)        003EE0
_ANSELA                                       (abs)        003A40
_ANSELB                                       (abs)        003A50
_ANSELBbits                                   (abs)        003A50
_ANSELC                                       (abs)        003A60
_ANSELD                                       (abs)        003A70
_ANSELE                                       (abs)        003A80
_Auto_Calibrate                               text61       00D78C
_Backward                                     text60       00D8AE
_CCPTMRS1bits                                 (abs)        003F5F
_Calibrate_Sensors                            text59       00E26A
_Countdown                                    text39       00E804
_Diagnostic_Menu                              text37       00E5C8
_Forward                                      text31       00D9F2
_Gap                                          text27       00E3DE
_Get_Key                                      text20       00DC36
_Get_Number                                   text19       00DBB0
_Hard_Left                                    text36       00D91A
_Hard_Right                                   text35       00D986
_I2C1CLK                                      (abs)        003D7B
_I2C1CNT                                      (abs)        003D6C
_I2C1CON0                                     (abs)        003D73
_I2C1CON0bits                                 (abs)        003D73
_I2C1CON1                                     (abs)        003D74
_I2C1CON1bits                                 (abs)        003D74
_I2C1CON2                                     (abs)        003D75
_I2C1ERR                                      (abs)        003D76
_I2C1ERRbits                                  (abs)        003D76
_I2C1PIE                                      (abs)        003D7A
_I2C1PIEbits                                  (abs)        003D7A
_I2C1PIR                                      (abs)        003D79
_I2C1PIRbits                                  (abs)        003D79
_I2C1RXB                                      (abs)        003D6A
_I2C1SCLPPS                                   (abs)        003AE1
_I2C1SDAPPS                                   (abs)        003AE2
_I2C1STAT1bits                                (abs)        003D78
_I2C1TXB                                      (abs)        003D6B
_I2C1_CallbackReturnReset                     (abs)        000000
_I2C1_CallbackReturnStop                      (abs)        000000
_I2C1_DO_ADDRESS_NACK                         (abs)        000000
_I2C1_DO_BUS_COLLISION                        (abs)        000000
_I2C1_DO_BUS_ERROR                            (abs)        000000
_I2C1_DO_IDLE                                 (abs)        000000
_I2C1_DO_RESET                                (abs)        000000
_I2C1_DO_RX                                   (abs)        000000
_I2C1_DO_RX_ACK                               (abs)        000000
_I2C1_DO_RX_EMPTY                             (abs)        000000
_I2C1_DO_RX_NACK_RESTART                      (abs)        000000
_I2C1_DO_RX_NACK_STOP                         (abs)        000000
_I2C1_DO_SEND_ADR_READ                        (abs)        000000
_I2C1_DO_SEND_ADR_WRITE                       (abs)        000000
_I2C1_DO_SEND_RESTART                         (abs)        000000
_I2C1_DO_SEND_RESTART_READ                    (abs)        000000
_I2C1_DO_SEND_RESTART_WRITE                   (abs)        000000
_I2C1_DO_SEND_STOP                            (abs)        000000
_I2C1_DO_TX                                   (abs)        000000
_I2C1_DO_TX_ACK                               (abs)        000000
_I2C1_DO_TX_EMPTY                             (abs)        000000
_I2C1_Status                                  bssBANK0     000080
_INLVLA                                       (abs)        003A44
_INLVLB                                       (abs)        003A54
_INLVLC                                       (abs)        003A64
_INLVLD                                       (abs)        003A74
_INLVLE                                       (abs)        003A84
_LATA                                         (abs)        003FBA
_LATB                                         (abs)        003FBB
_LATC                                         (abs)        003FBC
_LATD                                         (abs)        003FBD
_LATE                                         (abs)        003FBE
_LCD_Clear                                    text58       00D494
_LCD_Position                                 text57       00D692
_LCD_Print                                    text56       00DDEE
_LCD_PrintCharacter                           text18       00D6E4
_Left_Turn                                    text17       00DB3E
_ODCONA                                       (abs)        003A42
_ODCONB                                       (abs)        003A52
_ODCONC                                       (abs)        003A62
_ODCOND                                       (abs)        003A72
_ODCONE                                       (abs)        003A82
_OSCCON1                                      (abs)        0039D9
_OSCCON3                                      (abs)        0039DB
_OSCEN                                        (abs)        0039DD
_OSCFRQ                                       (abs)        0039DF
_OSCILLATOR_Initialize                        text13       00D3DE
_OSCTUNE                                      (abs)        0039DE
_PID_Start                                    text34       00DE8C
_PID_Stop                                     text33       00D4B0
_PIE2bits                                     (abs)        003992
_PIE3bits                                     (abs)        003993
_PIN_MANAGER_Initialize                       text12       00DFC8
_PIR2bits                                     (abs)        0039A2
_PIR3bits                                     (abs)        0039A3
_PIR4bits                                     (abs)        0039A4
_PIR6bits                                     (abs)        0039A6
_PMD0                                         (abs)        0039C0
_PMD1                                         (abs)        0039C1
_PMD2                                         (abs)        0039C2
_PMD3                                         (abs)        0039C3
_PMD4                                         (abs)        0039C4
_PMD5                                         (abs)        0039C5
_PMD6                                         (abs)        0039C6
_PMD7                                         (abs)        0039C7
_PMD_Initialize                               text11       00D3F0
_PORTBbits                                    (abs)        003FCB
_PR2                                          (abs)        003FAB
_PWM7CON                                      (abs)        003F66
_PWM7DCH                                      (abs)        003F65
_PWM7DCL                                      (abs)        003F64
_RB1I2C                                       (abs)        003A5A
_RB2I2C                                       (abs)        003A5B
_RB6PPS                                       (abs)        003A0E
_RC0PPS                                       (abs)        003A10
_RC1PPS                                       (abs)        003A11
_RC3I2C                                       (abs)        003A6A
_RC3PPS                                       (abs)        003A13
_RC4I2C                                       (abs)        003A6B
_RC4PPS                                       (abs)        003A14
_RC5PPS                                       (abs)        003A15
_RC6PPS                                       (abs)        003A16
_RD0I2C                                       (abs)        003A7A
_RD1I2C                                       (abs)        003A7B
_Read_Battery_Voltage                         text16       00D7E8
_Read_Calibrated_Sensors                      text15       00E94E
_Right_Turn                                   text14       00DA5E
_SLRCONA                                      (abs)        003A43
_SLRCONB                                      (abs)        003A53
_SLRCONC                                      (abs)        003A63
_SLRCOND                                      (abs)        003A73
_SLRCONE                                      (abs)        003A83
_SYSTEM_Initialize                            text10       00D3D0
_Stop                                         text30       00D36C
_T0CKIPPS                                     (abs)        003AC3
_T0CON0                                       (abs)        003FB8
_T0CON0bits                                   (abs)        003FB8
_T0CON1                                       (abs)        003FB9
_T2CLKCON                                     (abs)        003FAE
_T2CON                                        (abs)        003FAC
_T2CONbits                                    (abs)        003FAC
_T2HLT                                        (abs)        003FAD
_T2HLTbits                                    (abs)        003FAD
_T2INPPS                                      (abs)        003ACA
_T2PR                                         (abs)        003FAB
_T2RST                                        (abs)        003FAF
_T2RSTbits                                    (abs)        003FAF
_T2TMR                                        (abs)        003FAA
_TMR0H                                        (abs)        003FB7
_TMR0IF                                       (abs)        01CD1F
_TMR0L                                        (abs)        003FB6
_TMR0_Initialize                              text55       00D41A
_TMR0_Read16BitTimer                          text54       00D4CC
_TMR0_StartTimer                              text53       00D364
_TMR0_StopTimer                               text52       00D368
_TMR0_Write16BitTimer                         text51       00D3C4
_TMR2                                         (abs)        003FAA
_TRISA                                        (abs)        003FC2
_TRISB                                        (abs)        003FC3
_TRISBbits                                    (abs)        003FC3
_TRISC                                        (abs)        003FC4
_TRISD                                        (abs)        003FC5
_TRISE                                        (abs)        003FC6
_U1BRGH                                       (abs)        003DF6
_U1BRGL                                       (abs)        003DF5
_U1CON0                                       (abs)        003DF2
_U1CON0bits                                   (abs)        003DF2
_U1CON1                                       (abs)        003DF3
_U1CON2                                       (abs)        003DF4
_U1ERRIE                                      (abs)        003DFA
_U1ERRIR                                      (abs)        003DF9
_U1ERRIRbits                                  (abs)        003DF9
_U1FIFO                                       (abs)        003DF7
_U1P1H                                        (abs)        003DED
_U1P1L                                        (abs)        003DEC
_U1P2H                                        (abs)        003DEF
_U1P2L                                        (abs)        003DEE
_U1P3H                                        (abs)        003DF1
_U1P3L                                        (abs)        003DF0
_U1RXB                                        (abs)        003DE8
_U1RXPPS                                      (abs)        003AE5
_U1TXB                                        (abs)        003DEA
_U1UIR                                        (abs)        003DF8
_U2BRGH                                       (abs)        003DDE
_U2BRGL                                       (abs)        003DDD
_U2CON0                                       (abs)        003DDA
_U2CON0bits                                   (abs)        003DDA
_U2CON1                                       (abs)        003DDB
_U2CON2                                       (abs)        003DDC
_U2ERRIE                                      (abs)        003DE2
_U2ERRIR                                      (abs)        003DE1
_U2ERRIRbits                                  (abs)        003DE1
_U2FIFO                                       (abs)        003DDF
_U2P1L                                        (abs)        003DD4
_U2P2L                                        (abs)        003DD6
_U2P3L                                        (abs)        003DD8
_U2RXB                                        (abs)        003DD0
_U2RXPPS                                      (abs)        003AE8
_U2TXB                                        (abs)        003DD2
_U2UIR                                        (abs)        003DE0
_UART1_DefaultErrorHandler                    text68       00D358
_UART1_DefaultFramingErrorHandler             text67       00D35A
_UART1_DefaultOverrunErrorHandler             text66       00D35C
_UART1_ErrorHandler                           nvBANK0      0000FB
_UART1_FramingErrorHandler                    nvCOMRAM     00005E
_UART1_Initialize                             text6        00D644
_UART1_OverrunErrorHandler                    nvCOMRAM     00005C
_UART1_Read                                   text65       00DCBE
_UART1_SetErrorHandler                        text9        00D37E
_UART1_SetFramingErrorHandler                 text8        00D388
_UART1_SetOverrunErrorHandler                 text7        00D392
_UART1_Write                                  text64       00D446
_UART1_is_rx_ready                            text63       00D404
_UART1_is_tx_ready                            text62       00D4EE
_UART1_is_tx_ready$2427                       cstackCOMRAM 000001
_UART2_DefaultErrorHandler                    text26       00D35E
_UART2_DefaultFramingErrorHandler             text25       00D360
_UART2_DefaultOverrunErrorHandler             text24       00D362
_UART2_ErrorHandler                           nvBANK0      0000F5
_UART2_FramingErrorHandler                    nvBANK0      0000F9
_UART2_Initialize                             text2        00D5FA
_UART2_OverrunErrorHandler                    nvBANK0      0000F7
_UART2_Read                                   text23       00DD54
_UART2_SetErrorHandler                        text5        00D39C
_UART2_SetFramingErrorHandler                 text4        00D3A6
_UART2_SetOverrunErrorHandler                 text3        00D3B0
_UART2_Write                                  text45       00D460
_UART2_is_rx_ready                            text22       00D430
_UART2_is_tx_ready                            text21       00D518
_UART2_is_tx_ready$2651                       cstackCOMRAM 000001
_UpdateGlobal                                 text32       00E6DE
_WPUA                                         (abs)        003A41
_WPUB                                         (abs)        003A51
_WPUC                                         (abs)        003A61
_WPUD                                         (abs)        003A71
_WPUE                                         (abs)        003A81
__HRAM                                        (abs)        000000
__H__absolute__                               __absolute__ 000000
__Habs1                                       abs1         000000
__Hbank0                                      bank0        000000
__Hbank1                                      bank1        000000
__Hbank10                                     bank10       000000
__Hbank11                                     bank11       000000
__Hbank12                                     bank12       000000
__Hbank13                                     bank13       000000
__Hbank14                                     bank14       000000
__Hbank15                                     bank15       000000
__Hbank2                                      bank2        000000
__Hbank3                                      bank3        000000
__Hbank4                                      bank4        000000
__Hbank5                                      bank5        000000
__Hbank6                                      bank6        000000
__Hbank7                                      bank7        000000
__Hbank8                                      bank8        000000
__Hbank9                                      bank9        000000
__Hbigbss                                     bigbss       000000
__Hbigdata                                    bigdata      000000
__Hbigram                                     bigram       000000
__Hbigsfr                                     bigsfr       000000
__Hbss                                        bss          000000
__HbssBANK0                                   bssBANK0     000000
__HbssCOMRAM                                  bssCOMRAM    000000
__Hcinit                                      cinit        000000
__Hclrtext                                    clrtext      000000
__Hcomram                                     comram       000000
__Hconfig                                     config       30000A
__Hconst                                      const        000000
__HcstackBANK0                                cstackBANK0  000000
__HcstackCOMRAM                               cstackCOMRAM 000000
__Hdata                                       data         000000
__HdataBANK0                                  dataBANK0    000000
__Heeprom_data                                eeprom_data  000000
__Hfarbss                                     farbss       000000
__Hfardata                                    fardata      000000
__Hheap                                       heap         000000
__Hibigdata                                   ibigdata     000000
__Hidata                                      idata        000000
__HidataBANK0                                 idataBANK0   000000
__Hidloc                                      idloc        000000
__Hifardata                                   ifardata     000000
__Hinit                                       init         010000
__Hintsave_regs                               intsave_regs 000000
__Hirdata                                     irdata       000000
__Hmediumconst                                mediumconst  00FFFC
__HnvBANK0                                    nvBANK0      000000
__HnvCOMRAM                                   nvCOMRAM     000000
__HnvFARRAM                                   nvFARRAM     000000
__Hnvbit                                      nvbit        000000
__Hnvrram                                     nvrram       000000
__Hparam                                      rparam       000000
__Hpowerup                                    powerup      000000
__Hram                                        ram          000000
__Hramtop                                     ramtop       001000
__Hrbit                                       rbit         000000
__Hrbss                                       rbss         000000
__Hrdata                                      rdata        000000
__Hreset_vec                                  reset_vec    000004
__Hrparam                                     rparam       000000
__Hsfr                                        sfr          000000
__Hsmallconst                                 smallconst   000000
__Hspace_0                                    (abs)        010000
__Hspace_1                                    (abs)        0000FD
__Hspace_2                                    (abs)        000000
__Hspace_4                                    (abs)        60000A
__Hstack                                      stack        000000
__Hstruct                                     struct       000000
__Htemp                                       temp         000000
__Htext                                       text         000000
__Htext0                                      text0        000000
__Htext1                                      text1        000000
__Htext10                                     text10       000000
__Htext11                                     text11       000000
__Htext12                                     text12       000000
__Htext13                                     text13       000000
__Htext14                                     text14       000000
__Htext15                                     text15       000000
__Htext16                                     text16       000000
__Htext17                                     text17       000000
__Htext18                                     text18       000000
__Htext19                                     text19       000000
__Htext2                                      text2        000000
__Htext20                                     text20       000000
__Htext21                                     text21       000000
__Htext22                                     text22       000000
__Htext23                                     text23       000000
__Htext24                                     text24       000000
__Htext25                                     text25       000000
__Htext26                                     text26       000000
__Htext27                                     text27       000000
__Htext28                                     text28       000000
__Htext29                                     text29       000000
__Htext3                                      text3        000000
__Htext30                                     text30       000000
__Htext31                                     text31       000000
__Htext32                                     text32       000000
__Htext33                                     text33       000000
__Htext34                                     text34       000000
__Htext35                                     text35       000000
__Htext36                                     text36       000000
__Htext37                                     text37       000000
__Htext38                                     text38       000000
__Htext39                                     text39       000000
__Htext4                                      text4        000000
__Htext40                                     text40       000000
__Htext41                                     text41       000000
__Htext42                                     text42       000000
__Htext43                                     text43       000000
__Htext44                                     text44       000000
__Htext45                                     text45       000000
__Htext46                                     text46       000000
__Htext47                                     text47       000000
__Htext48                                     text48       000000
__Htext49                                     text49       000000
__Htext5                                      text5        000000
__Htext50                                     text50       000000
__Htext51                                     text51       000000
__Htext52                                     text52       000000
__Htext53                                     text53       000000
__Htext54                                     text54       000000
__Htext55                                     text55       000000
__Htext56                                     text56       000000
__Htext57                                     text57       000000
__Htext58                                     text58       000000
__Htext59                                     text59       000000
__Htext6                                      text6        000000
__Htext60                                     text60       000000
__Htext61                                     text61       000000
__Htext62                                     text62       000000
__Htext63                                     text63       000000
__Htext64                                     text64       000000
__Htext65                                     text65       000000
__Htext66                                     text66       000000
__Htext67                                     text67       000000
__Htext68                                     text68       000000
__Htext7                                      text7        000000
__Htext8                                      text8        000000
__Htext9                                      text9        000000
__LRAM                                        (abs)        000001
__L__absolute__                               __absolute__ 000000
__Labs1                                       abs1         000000
__Lbank0                                      bank0        000000
__Lbank1                                      bank1        000000
__Lbank10                                     bank10       000000
__Lbank11                                     bank11       000000
__Lbank12                                     bank12       000000
__Lbank13                                     bank13       000000
__Lbank14                                     bank14       000000
__Lbank15                                     bank15       000000
__Lbank2                                      bank2        000000
__Lbank3                                      bank3        000000
__Lbank4                                      bank4        000000
__Lbank5                                      bank5        000000
__Lbank6                                      bank6        000000
__Lbank7                                      bank7        000000
__Lbank8                                      bank8        000000
__Lbank9                                      bank9        000000
__Lbigbss                                     bigbss       000000
__Lbigdata                                    bigdata      000000
__Lbigram                                     bigram       000000
__Lbigsfr                                     bigsfr       000000
__Lbss                                        bss          000000
__LbssBANK0                                   bssBANK0     000000
__LbssCOMRAM                                  bssCOMRAM    000000
__Lcinit                                      cinit        000000
__Lclrtext                                    clrtext      000000
__Lcomram                                     comram       000000
__Lconfig                                     config       000000
__Lconst                                      const        000000
__LcstackBANK0                                cstackBANK0  000000
__LcstackCOMRAM                               cstackCOMRAM 000000
__Ldata                                       data         000000
__LdataBANK0                                  dataBANK0    000000
__Leeprom_data                                eeprom_data  000000
__Lfarbss                                     farbss       000000
__Lfardata                                    fardata      000000
__Lheap                                       heap         000000
__Libigdata                                   ibigdata     000000
__Lidata                                      idata        000000
__LidataBANK0                                 idataBANK0   000000
__Lidloc                                      idloc        000000
__Lifardata                                   ifardata     000000
__Linit                                       init         00FFFC
__Lintsave_regs                               intsave_regs 000000
__Lirdata                                     irdata       000000
__Lmediumconst                                mediumconst  00FB10
__LnvBANK0                                    nvBANK0      000000
__LnvCOMRAM                                   nvCOMRAM     000000
__LnvFARRAM                                   nvFARRAM     000000
__Lnvbit                                      nvbit        000000
__Lnvrram                                     nvrram       000000
__Lparam                                      rparam       000000
__Lpowerup                                    powerup      000000
__Lram                                        ram          000000
__Lramtop                                     ramtop       001000
__Lrbit                                       rbit         000000
__Lrbss                                       rbss         000000
__Lrdata                                      rdata        000000
__Lreset_vec                                  reset_vec    000000
__Lrparam                                     rparam       000000
__Lsfr                                        sfr          000000
__Lsmallconst                                 smallconst   000000
__Lspace_0                                    (abs)        000000
__Lspace_1                                    (abs)        000000
__Lspace_2                                    (abs)        000000
__Lspace_4                                    (abs)        000000
__Lstack                                      stack        000000
__Lstruct                                     struct       000000
__Ltemp                                       temp         000000
__Ltext                                       text         000000
__Ltext0                                      text0        000000
__Ltext1                                      text1        000000
__Ltext10                                     text10       000000
__Ltext11                                     text11       000000
__Ltext12                                     text12       000000
__Ltext13                                     text13       000000
__Ltext14                                     text14       000000
__Ltext15                                     text15       000000
__Ltext16                                     text16       000000
__Ltext17                                     text17       000000
__Ltext18                                     text18       000000
__Ltext19                                     text19       000000
__Ltext2                                      text2        000000
__Ltext20                                     text20       000000
__Ltext21                                     text21       000000
__Ltext22                                     text22       000000
__Ltext23                                     text23       000000
__Ltext24                                     text24       000000
__Ltext25                                     text25       000000
__Ltext26                                     text26       000000
__Ltext27                                     text27       000000
__Ltext28                                     text28       000000
__Ltext29                                     text29       000000
__Ltext3                                      text3        000000
__Ltext30                                     text30       000000
__Ltext31                                     text31       000000
__Ltext32                                     text32       000000
__Ltext33                                     text33       000000
__Ltext34                                     text34       000000
__Ltext35                                     text35       000000
__Ltext36                                     text36       000000
__Ltext37                                     text37       000000
__Ltext38                                     text38       000000
__Ltext39                                     text39       000000
__Ltext4                                      text4        000000
__Ltext40                                     text40       000000
__Ltext41                                     text41       000000
__Ltext42                                     text42       000000
__Ltext43                                     text43       000000
__Ltext44                                     text44       000000
__Ltext45                                     text45       000000
__Ltext46                                     text46       000000
__Ltext47                                     text47       000000
__Ltext48                                     text48       000000
__Ltext49                                     text49       000000
__Ltext5                                      text5        000000
__Ltext50                                     text50       000000
__Ltext51                                     text51       000000
__Ltext52                                     text52       000000
__Ltext53                                     text53       000000
__Ltext54                                     text54       000000
__Ltext55                                     text55       000000
__Ltext56                                     text56       000000
__Ltext57                                     text57       000000
__Ltext58                                     text58       000000
__Ltext59                                     text59       000000
__Ltext6                                      text6        000000
__Ltext60                                     text60       000000
__Ltext61                                     text61       000000
__Ltext62                                     text62       000000
__Ltext63                                     text63       000000
__Ltext64                                     text64       000000
__Ltext65                                     text65       000000
__Ltext66                                     text66       000000
__Ltext67                                     text67       000000
__Ltext68                                     text68       000000
__Ltext7                                      text7        000000
__Ltext8                                      text8        000000
__Ltext9                                      text9        000000
__S0                                          (abs)        010000
__S1                                          (abs)        0000FD
__S4                                          (abs)        000000
__S5                                          (abs)        000000
___aldiv                                      text29       00E4BE
___aldiv@counter                              cstackCOMRAM 000009
___aldiv@dividend                             cstackCOMRAM 000001
___aldiv@divisor                              cstackCOMRAM 000005
___aldiv@quotient                             cstackCOMRAM 00000B
___aldiv@sign                                 cstackCOMRAM 00000A
___awdiv                                      text50       00E31E
___awdiv@counter                              cstackCOMRAM 000005
___awdiv@dividend                             cstackCOMRAM 000001
___awdiv@divisor                              cstackCOMRAM 000003
___awdiv@quotient                             cstackCOMRAM 000007
___awdiv@sign                                 cstackCOMRAM 000006
___awmod                                      text49       00E1BC
___awmod@counter                              cstackCOMRAM 000005
___awmod@dividend                             cstackCOMRAM 000001
___awmod@divisor                              cstackCOMRAM 000003
___awmod@sign                                 cstackCOMRAM 000006
___heap_hi                                    (abs)        000000
___heap_lo                                    (abs)        000000
___inthi_sp                                   stack        000000
___inthi_stack_hi                             stack        000000
___inthi_stack_lo                             stack        000000
___intlo_sp                                   stack        000000
___intlo_stack_hi                             stack        000000
___intlo_stack_lo                             stack        000000
___lwdiv                                      text48       00DACC
___lwdiv@counter                              cstackCOMRAM 000007
___lwdiv@dividend                             cstackCOMRAM 000001
___lwdiv@divisor                              cstackCOMRAM 000003
___lwdiv@quotient                             cstackCOMRAM 000005
___lwmod                                      text47       00D84A
___lwmod@counter                              cstackCOMRAM 000005
___lwmod@dividend                             cstackCOMRAM 000001
___lwmod@divisor                              cstackCOMRAM 000003
___param_bank                                 (abs)        000000
___rparam_used                                (abs)        000001
___sp                                         stack        000000
___stack_hi                                   stack        000000
___stack_lo                                   stack        000000
__accesstop                                   (abs)        000060
__activetblptr                                (abs)        000003
__end_of_Auto_Calibrate                       text61       00D7E8
__end_of_Backward                             text60       00D91A
__end_of_Calibrate_Sensors                    text59       00E31E
__end_of_Countdown                            text39       00E94E
__end_of_Diagnostic_Menu                      text37       00E6DE
__end_of_Forward                              text31       00DA5E
__end_of_Gap                                  text27       00E4BE
__end_of_Get_Key                              text20       00DCBE
__end_of_Get_Number                           text19       00DC36
__end_of_Hard_Left                            text36       00D986
__end_of_Hard_Right                           text35       00D9F2
__end_of_LCD_Clear                            text58       00D4B0
__end_of_LCD_Position                         text57       00D6E4
__end_of_LCD_Print                            text56       00DE8C
__end_of_LCD_PrintCharacter                   text18       00D736
__end_of_Left_Turn                            text17       00DBB0
__end_of_OSCILLATOR_Initialize                text13       00D3F0
__end_of_PID_Start                            text34       00DF2A
__end_of_PID_Stop                             text33       00D4CC
__end_of_PIN_MANAGER_Initialize               text12       00E068
__end_of_PMD_Initialize                       text11       00D404
__end_of_Read_Battery_Voltage                 text16       00D84A
__end_of_Read_Calibrated_Sensors              text15       00EAF2
__end_of_Right_Turn                           text14       00DACC
__end_of_SYSTEM_Initialize                    text10       00D3DE
__end_of_Stop                                 text30       00D374
__end_of_TMR0_Initialize                      text55       00D430
__end_of_TMR0_Read16BitTimer                  text54       00D4EE
__end_of_TMR0_StartTimer                      text53       00D368
__end_of_TMR0_StopTimer                       text52       00D36C
__end_of_TMR0_Write16BitTimer                 text51       00D3D0
__end_of_UART1_DefaultErrorHandler            text68       00D35A
__end_of_UART1_DefaultFramingErrorHandler     text67       00D35C
__end_of_UART1_DefaultOverrunErrorHandler     text66       00D35E
__end_of_UART1_Initialize                     text6        00D692
__end_of_UART1_Read                           text65       00DD54
__end_of_UART1_SetErrorHandler                text9        00D388
__end_of_UART1_SetFramingErrorHandler         text8        00D392
__end_of_UART1_SetOverrunErrorHandler         text7        00D39C
__end_of_UART1_Write                          text64       00D460
__end_of_UART1_is_rx_ready                    text63       00D41A
__end_of_UART1_is_tx_ready                    text62       00D518
__end_of_UART2_DefaultErrorHandler            text26       00D360
__end_of_UART2_DefaultFramingErrorHandler     text25       00D362
__end_of_UART2_DefaultOverrunErrorHandler     text24       00D364
__end_of_UART2_Initialize                     text2        00D644
__end_of_UART2_Read                           text23       00DDEE
__end_of_UART2_SetErrorHandler                text5        00D3A6
__end_of_UART2_SetFramingErrorHandler         text4        00D3B0
__end_of_UART2_SetOverrunErrorHandler         text3        00D3BA
__end_of_UART2_Write                          text45       00D47A
__end_of_UART2_is_rx_ready                    text22       00D446
__end_of_UART2_is_tx_ready                    text21       00D542
__end_of_UpdateGlobal                         text32       00E804
__end_of___aldiv                              text29       00E5C8
__end_of___awdiv                              text50       00E3DE
__end_of___awmod                              text49       00E26A
__end_of___lwdiv                              text48       00DB3E
__end_of___lwmod                              text47       00D8AE
__end_of__initialization                      cinit        00D5B0
__end_of_abs                                  text46       00D576
__end_of_edgeMethod                           text1        00E110
__end_of_fputc                                text43       00E1BC
__end_of_i2c1_fsmStateTable                   mediumconst  00FB37
__end_of_main                                 text0        00FB10
__end_of_printf                               text38       00D494
__end_of_putch                                text44       00D37E
__end_of_robot_8cm                            text28       00DFC8
__end_of_sprintf                              text40       00D5FA
__end_of_vfpfcnvrt                            text42       00EE28
__end_of_vfprintf                             text41       00D78C
__initialization                              cinit        00D576
__mediumconst                                 mediumconst  00FB10
__pbssBANK0                                   bssBANK0     000060
__pbssCOMRAM                                  bssCOMRAM    000047
__pcinit                                      cinit        00D576
__pcstackBANK0                                cstackBANK0  0000B8
__pcstackCOMRAM                               cstackCOMRAM 000001
__pdataBANK0                                  dataBANK0    0000EB
__pidataBANK0                                 idataBANK0   00D3BA
__pmediumconst                                mediumconst  00FB10
__pnvBANK0                                    nvBANK0      0000F5
__pnvCOMRAM                                   nvCOMRAM     00005C
__ptext0                                      text0        00EE28
__ptext1                                      text1        00E068
__ptext10                                     text10       00D3D0
__ptext11                                     text11       00D3F0
__ptext12                                     text12       00DFC8
__ptext13                                     text13       00D3DE
__ptext14                                     text14       00DA5E
__ptext15                                     text15       00E94E
__ptext16                                     text16       00D7E8
__ptext17                                     text17       00DB3E
__ptext18                                     text18       00D6E4
__ptext19                                     text19       00DBB0
__ptext2                                      text2        00D5FA
__ptext20                                     text20       00DC36
__ptext21                                     text21       00D518
__ptext22                                     text22       00D430
__ptext23                                     text23       00DD54
__ptext24                                     text24       00D362
__ptext25                                     text25       00D360
__ptext26                                     text26       00D35E
__ptext27                                     text27       00E3DE
__ptext28                                     text28       00DF2A
__ptext29                                     text29       00E4BE
__ptext3                                      text3        00D3B0
__ptext30                                     text30       00D36C
__ptext31                                     text31       00D9F2
__ptext32                                     text32       00E6DE
__ptext33                                     text33       00D4B0
__ptext34                                     text34       00DE8C
__ptext35                                     text35       00D986
__ptext36                                     text36       00D91A
__ptext37                                     text37       00E5C8
__ptext38                                     text38       00D47A
__ptext39                                     text39       00E804
__ptext4                                      text4        00D3A6
__ptext40                                     text40       00D5B6
__ptext41                                     text41       00D736
__ptext42                                     text42       00EAF2
__ptext43                                     text43       00E110
__ptext44                                     text44       00D374
__ptext45                                     text45       00D460
__ptext46                                     text46       00D542
__ptext47                                     text47       00D84A
__ptext48                                     text48       00DACC
__ptext49                                     text49       00E1BC
__ptext5                                      text5        00D39C
__ptext50                                     text50       00E31E
__ptext51                                     text51       00D3C4
__ptext52                                     text52       00D368
__ptext53                                     text53       00D364
__ptext54                                     text54       00D4CC
__ptext55                                     text55       00D41A
__ptext56                                     text56       00DDEE
__ptext57                                     text57       00D692
__ptext58                                     text58       00D494
__ptext59                                     text59       00E26A
__ptext6                                      text6        00D644
__ptext60                                     text60       00D8AE
__ptext61                                     text61       00D78C
__ptext62                                     text62       00D4EE
__ptext63                                     text63       00D404
__ptext64                                     text64       00D446
__ptext65                                     text65       00DCBE
__ptext66                                     text66       00D35C
__ptext67                                     text67       00D35A
__ptext68                                     text68       00D358
__ptext7                                      text7        00D392
__ptext8                                      text8        00D388
__ptext9                                      text9        00D37E
__ramtop                                      ramtop       001000
__smallconst                                  mediumconst  00FB10
_abs                                          text46       00D542
_counts                                       bssCOMRAM    000057
_dbuf                                         bssBANK0     000060
_edgeMethod                                   text1        00E068
_flags                                        bssCOMRAM    000059
_fputc                                        text43       00E110
_i2c1_fsmStateTable                           mediumconst  00FB11
_main                                         text0        00EE28
_nout                                         bssCOMRAM    000051
_prec                                         bssCOMRAM    000055
_printf                                       text38       00D47A
_putch                                        text44       00D374
_rd1RegCompleteHandler                        (abs)        000000
_rd2RegCompleteHandler                        (abs)        000000
_rdBlkRegCompleteHandler                      (abs)        000000
_robot_8cm                                    text28       00DF2A
_robot_8cm$3954                               cstackCOMRAM 000011
_sWeight                                      bssBANK0     0000AC
_sensGlobal                                   bssBANK0     0000A7
_sensor_data                                  bssCOMRAM    000047
_sensor_values                                bssBANK0     00009D
_sprintf                                      text40       00D5B6
_uart1RxLastError                             bssCOMRAM    00005B
_uart2RxLastError                             bssCOMRAM    00005A
_vfpfcnvrt                                    text42       00EAF2
_vfprintf                                     text41       00D736
_width                                        bssCOMRAM    000053
_wr1RegCompleteHandler                        (abs)        000000
_wr2RegCompleteHandler                        (abs)        000000
abs@a                                         cstackCOMRAM 000007
edgeMethod@sens                               cstackCOMRAM 000014
end_of_initialization                         cinit        00D5B0
fputc@c                                       cstackCOMRAM 000003
fputc@fp                                      cstackCOMRAM 000005
intlevel0                                     text         000000
intlevel1                                     text         000000
intlevel2                                     text         000000
intlevel3                                     text         000000
isa$std                                       (abs)        000001
isa$xinst                                     (abs)        000000
main@any                                      cstackBANK0  0000B8
main@battery                                  cstackBANK0  0000E1
main@black                                    cstackBANK0  0000D7
main@differential                             cstackBANK0  0000E3
main@i                                        cstackBANK0  0000E9
main@i_342                                    cstackBANK0  0000E4
main@i_343                                    cstackBANK0  0000DB
main@i_350                                    cstackBANK0  0000E6
main@key                                      cstackBANK0  0000DA
main@length                                   cstackBANK0  0000E8
main@lowerbyte                                cstackBANK0  0000C3
main@msg                                      cstackBANK0  0000CD
main@sensor                                   cstackBANK0  0000DD
main@sensor_data                              cstackBANK0  0000B9
main@sensor_value                             cstackBANK0  0000DE
main@speed                                    cstackBANK0  0000EA
main@sum                                      cstackBANK0  0000DF
main@turn                                     cstackBANK0  0000D8
main@upperbyte                                cstackBANK0  0000C8
main@white                                    cstackBANK0  0000D6
printf@ap                                     cstackCOMRAM 000026
printf@fmt                                    cstackCOMRAM 000020
putch@txData                                  cstackCOMRAM 000002
robot_8cm@speed                               cstackCOMRAM 000015
sprintf@ap                                    cstackCOMRAM 000029
sprintf@f                                     cstackCOMRAM 00002A
sprintf@fmt                                   cstackCOMRAM 000021
sprintf@ret                                   cstackCOMRAM 000027
sprintf@s                                     cstackCOMRAM 000020
stackhi                                       (abs)        000000
stacklo                                       (abs)        000000
start                                         init         00FFFC
start_initialization                          cinit        00D576
vfpfcnvrt@ap                                  cstackCOMRAM 00000D
vfpfcnvrt@c                                   cstackCOMRAM 000019
vfpfcnvrt@cnt                                 cstackCOMRAM 000011
vfpfcnvrt@convarg                             cstackCOMRAM 000015
vfpfcnvrt@cp                                  cstackCOMRAM 000013
vfpfcnvrt@done                                cstackCOMRAM 000010
vfpfcnvrt@fmt                                 cstackCOMRAM 00000C
vfpfcnvrt@fp                                  cstackCOMRAM 00000B
vfprintf@ap                                   cstackCOMRAM 00001D
vfprintf@cfmt                                 cstackCOMRAM 00001E
vfprintf@fmt                                  cstackCOMRAM 00001B
vfprintf@fp                                   cstackCOMRAM 00001A


MODULE INFORMATION

Module		Function		Class		Link	Load	Size
robotmain.c
		_Get_Key       		CODE           	DC36	0000	136
		_main          		CODE           	EE28	0000	3304
		_Countdown     		CODE           	E804	0000	330
		_Get_Number    		CODE           	DBB0	0000	134
		_Diagnostic_Menu		CODE           	E5C8	0000	278

robotmain.c estimated size: 4182

C:\Program Files\Microchip\xc8\v3.10\pic\sources\c99\common\lwmod.c
		___lwmod       		CODE           	D84A	0000	100

C:\Program Files\Microchip\xc8\v3.10\pic\sources\c99\common\lwmod.c estimated size: 100

C:\Program Files\Microchip\xc8\v3.10\pic\sources\c99\common\awmod.c
		___awmod       		CODE           	E1BC	0000	174

C:\Program Files\Microchip\xc8\v3.10\pic\sources\c99\common\awmod.c estimated size: 174

C:\Program Files\Microchip\xc8\v3.10\pic\sources\c99\common\abs.c
		_abs           		CODE           	D542	0000	52

C:\Program Files\Microchip\xc8\v3.10\pic\sources\c99\common\abs.c estimated size: 52

../Common/uart1.c
		_UART1_Write   		CODE           	D446	0000	26
		_UART1_SetFramingErrorHandler		CODE           	D388	0000	10
		_UART1_SetOverrunErrorHandler		CODE           	D392	0000	10
		_UART1_Initialize		CODE           	D644	0000	78
		_UART1_SetErrorHandler		CODE           	D37E	0000	10
		_UART1_Read    		CODE           	DCBE	0000	150
		_UART1_DefaultFramingErrorHandler		CODE           	D35A	0000	2
		_UART1_is_rx_ready		CODE           	D404	0000	22
		_UART1_is_tx_ready		CODE           	D4EE	0000	42
		_UART1_DefaultErrorHandler		CODE           	D358	0000	2
		_UART1_DefaultOverrunErrorHandler		CODE           	D35C	0000	2

../Common/uart1.c estimated size: 354

../Common/tmr0.c
		_TMR0_StopTimer		CODE           	D368	0000	4
		_TMR0_StartTimer		CODE           	D364	0000	4
		_TMR0_Write16BitTimer		CODE           	D3C4	0000	12
		_TMR0_Read16BitTimer		CODE           	D4CC	0000	34
		_TMR0_Initialize		CODE           	D41A	0000	22

../Common/tmr0.c estimated size: 76

pololu_robot.c
		_Right_Turn    		CODE           	DA5E	0000	110
		_Forward       		CODE           	D9F2	0000	108
		_PID_Stop      		CODE           	D4B0	0000	28
		_Left_Turn     		CODE           	DB3E	0000	114
		_Read_Calibrated_Sensors		CODE           	E94E	0000	420
		_Auto_Calibrate		CODE           	D78C	0000	92
		_edgeMethod    		CODE           	E068	0000	168
		_Hard_Right    		CODE           	D986	0000	108
		_Read_Battery_Voltage		CODE           	D7E8	0000	98
		_LCD_PrintCharacter		CODE           	D6E4	0000	82
		_Hard_Left     		CODE           	D91A	0000	108
		_PID_Start     		CODE           	DE8C	0000	158
		_LCD_Position  		CODE           	D692	0000	82
		_LCD_Clear     		CODE           	D494	0000	28
		_Backward      		CODE           	D8AE	0000	108
		_robot_8cm     		CODE           	DF2A	0000	158
		_LCD_Print     		CODE           	DDEE	0000	158
		_UpdateGlobal  		CODE           	E6DE	0000	294
		_Gap           		CODE           	E3DE	0000	224
		_Calibrate_Sensors		CODE           	E26A	0000	180
		_Stop          		CODE           	D36C	0000	8

pololu_robot.c estimated size: 2834

C:\Program Files\Microchip\xc8\v3.10\pic\sources\c99\common\printf.c
		_printf        		CODE           	D47A	0000	26

C:\Program Files\Microchip\xc8\v3.10\pic\sources\c99\common\printf.c estimated size: 26

../Common/pin_manager.c
		_PIN_MANAGER_Initialize		CODE           	DFC8	0000	160

../Common/pin_manager.c estimated size: 160

C:\Program Files\Microchip\xc8\v3.10\pic\sources\c99\common\lwdiv.c
		___lwdiv       		CODE           	DACC	0000	114

C:\Program Files\Microchip\xc8\v3.10\pic\sources\c99\common\lwdiv.c estimated size: 114

C:\Program Files\Microchip\xc8\v3.10\pic\sources\c99\common\awdiv.c
		___awdiv       		CODE           	E31E	0000	192

C:\Program Files\Microchip\xc8\v3.10\pic\sources\c99\common\awdiv.c estimated size: 192

C:\Program Files\Microchip\xc8\v3.10\pic\sources\c99\common\aldiv.c
		___aldiv       		CODE           	E4BE	0000	266

C:\Program Files\Microchip\xc8\v3.10\pic\sources\c99\common\aldiv.c estimated size: 266

C:\Program Files\Microchip\xc8\v3.10\pic\sources\c99\common\nf_sprintf.c
		_sprintf       		CODE           	D5B6	0000	68

C:\Program Files\Microchip\xc8\v3.10\pic\sources\c99\common\nf_sprintf.c estimated size: 68

../Common/initialize.c
		_PMD_Initialize		CODE           	D3F0	0000	20
		_OSCILLATOR_Initialize		CODE           	D3DE	0000	18
		_SYSTEM_Initialize		CODE           	D3D0	0000	14

../Common/initialize.c estimated size: 52

shared
		__initialization		CODE           	D576	0000	58
		_i2c1_fsmStateTable		MEDIUMCONST    	FB11	0000	38

shared estimated size: 96

C:\Program Files\Microchip\xc8\v3.10\pic\sources\c99\common\nf_fputc.c
		_fputc         		CODE           	E110	0000	172

C:\Program Files\Microchip\xc8\v3.10\pic\sources\c99\common\nf_fputc.c estimated size: 172

../Common/uart2.c
		_UART2_is_rx_ready		CODE           	D430	0000	22
		_UART2_is_tx_ready		CODE           	D518	0000	42
		_UART2_DefaultErrorHandler		CODE           	D35E	0000	2
		_UART2_DefaultOverrunErrorHandler		CODE           	D362	0000	2
		_putch         		CODE           	D374	0000	10
		_UART2_Write   		CODE           	D460	0000	26
		_UART2_SetFramingErrorHandler		CODE           	D3A6	0000	10
		_UART2_SetOverrunErrorHandler		CODE           	D3B0	0000	10
		_UART2_Initialize		CODE           	D5FA	0000	74
		_UART2_SetErrorHandler		CODE           	D39C	0000	10
		_UART2_Read    		CODE           	DD54	0000	154
		_UART2_DefaultFramingErrorHandler		CODE           	D360	0000	2

../Common/uart2.c estimated size: 364

C:\Program Files\Microchip\xc8\v3.10\pic\sources\c99\common\doprnt.c
		_vfpfcnvrt     		CODE           	EAF2	0000	822
		_vfprintf      		CODE           	D736	0000	86

C:\Program Files\Microchip\xc8\v3.10\pic\sources\c99\common\doprnt.c estimated size: 908

