Microchip MPLAB XC8 Compiler V3.10

Linker command line:

-W-3 \
  --edf=C:\Program Files\Microchip\xc8\v3.10\pic\dat\20250813170317_en.msgs \
  -cn -h+dist/default/production\Polulu_Lab8.X.production.sym \
  --cmf=dist/default/production\Polulu_Lab8.X.production.cmf -z -Q18F46K42 \
  -oC:\Users\aiden\AppData\Local\Temp\xcAsico.0\driver_tmp_3.o \
  --defsym=__MPLAB_BUILD=1 --fixupoverflow=error \
  -Mdist/default/production/Polulu_Lab8.X.production.map \
  --md=C:\Users\aiden\AppData\Local\Temp\xcAsico.0\driver_tmp_0.dat -E1 \
  -ver=XC8 Compiler -ACODE=00h-0FFFFh -ACONST=00h-0FFFFh \
  -ASMALLCONST=01000h-010FFhx240 -AMEDIUMCONST=01000h-0FFFFh \
  -ACOMRAM=01h-05Fh -AABS1=00h-0FFFh -ABIGRAM=01h-0FFFh \
  -ARAM=060h-0FFh,0100h-01FFhx15 -ABANK0=060h-0FFh -ABANK1=0100h-01FFh \
  -ABANK2=0200h-02FFh -ABANK3=0300h-03FFh -ABANK4=0400h-04FFh \
  -ABANK5=0500h-05FFh -ABANK6=0600h-06FFh -ABANK7=0700h-07FFh \
  -ABANK8=0800h-08FFh -ABANK9=0900h-09FFh -ABANK10=0A00h-0AFFh \
  -ABANK11=0B00h-0BFFh -ABANK12=0C00h-0CFFh -ABANK13=0D00h-0DFFh \
  -ABANK14=0E00h-0EFFh -ABANK15=0F00h-0FFFh \
  -ASFR=03800h-038FFhx7,03F00h-03F5Fh,03F60h-03FFFh -ABIGSFR=03800h-03FFFh \
  -ACONFIG=0300000h-0300009h -AIDLOC=0200000h-020000Fh \
  -AEEDATA=0310000h-03103FFh -peeprom_data=EEDATA -preset_vec=00h \
  -ppowerup=CODE,init -pramtop=01000h -psmallconst=SMALLCONST \
  -pmediumconst=MEDIUMCONST -pconst=CONST -AFARRAM=00h-00h \
  -prdata=COMRAM,nvrram=COMRAM,nvbit=COMRAM,rbss=COMRAM,rbit=COMRAM \
  -pfarbss=FARRAM,fardata=FARRAM,nvFARRAM=FARRAM \
  -pintsave_regs=BIGRAM,bigbss=BIGRAM,bigdata=BIGRAM -pbss=RAM \
  -pidata=CODE,irdata=CODE,ibigdata=CODE,ifardata=CODE -prparam=COMRAM \
  C:\Users\aiden\AppData\Local\Temp\xcAsico.0\driver_tmp_14.o \
  dist/default/production\Polulu_Lab8.X.production.o 

Object code version is 3.11

Machine type is 18F46K42



                Name                               Link     Load   Length Selector   Space Scale
C:\Users\aiden\AppData\Local\Temp\xcAsico.0\driver_tmp_14.o
                config                           300000   300000        A        0       4
                init                               FFFC     FFFC        4     7FFE       0
                reset_vec                             0        0        4        0       0
dist/default/production\Polulu_Lab8.X.production.o
                config                           300000   300000        A        0       4
                mediumconst                        FB06     FB06      4F6     7D83       0
                text58                             DB26     DB26        2     6D93       0
                text57                             DB28     DB28        2     6D94       0
                text56                             DB2A     DB2A        2     6D95       0
                text55                             E36C     E36C       94     71B6       0
                text54                             DC0A     DC0A       1A     6E05       0
                text53                             DBC8     DBC8       16     6DE4       0
                text52                             DCB4     DCB4       2A     6E5A       0
                text51                             DF12     DF12       5C     6F89       0
                text50                             E034     E034       6C     701A       0
                text49                             E72C     E72C       B4     7396       0
                text48                             DC58     DC58       1C     6E2C       0
                text47                             DE18     DE18       52     6F0C       0
                text46                             E494     E494       9E     724A       0
                text45                             DBDE     DBDE       16     6DEF       0
                text44                             DC92     DC92       22     6E49       0
                text43                             DB32     DB32        4     6D99       0
                text42                             DB36     DB36        4     6D9B       0
                text41                             DB88     DB88        C     6DC4       0
                text40                             E7E0     E7E0       C0     73F0       0
                text39                             E67E     E67E       AE     733F       0
                text38                             E17A     E17A       72     70BD       0
                text37                             DFD0     DFD0       64     6FE8       0
                text36                             DD08     DD08       34     6E84       0
                text35                             DC24     DC24       1A     6E12       0
                text34                             DB42     DB42        A     6DA1       0
                text33                             E5D2     E5D2       AC     72E9       0
                text32                             EB00     EB00      336     7580       0
                text31                             DEBC     DEBC       56     6F5E       0
                text30                             DD3C     DD3C       44     6E9E       0
                text29                             E9B6     E9B6      14A     74DB       0
                text28                             DC3E     DC3E       1A     6E1F       0
                text27                             E8A0     E8A0      116     7450       0
                text26                             DB2C     DB2C        2     6D96       0
                text25                             DB2E     DB2E        2     6D97       0
                text24                             DB30     DB30        2     6D98       0
                text23                             E400     E400       94     7200       0
                text22                             DBF4     DBF4       16     6DFA       0
                text21                             DCDE     DCDE       2A     6E6F       0
                text20                             E2E4     E2E4       88     7172       0
                text19                             E25E     E25E       86     712F       0
                text18                             DE6A     DE6A       52     6F35       0
                text17                             E1EC     E1EC       72     70F6       0
                text16                             DF6E     DF6E       62     6FB7       0
                text15                             E10C     E10C       6E     7086       0
                text14                             DBA2     DBA2       12     6DD1       0
                text13                             E532     E532       A0     7299       0
                text12                             DBB4     DBB4       14     6DDA       0
                text11                             DB94     DB94        E     6DCA       0
                text10                             E0A0     E0A0       6C     7050       0
                text9                              DB3A     DB3A        8     6D9D       0
                text8                              DB4C     DB4C        A     6DA6       0
                text7                              DB56     DB56        A     6DAB       0
                text6                              DB60     DB60        A     6DB0       0
                text5                              DDCA     DDCA       4E     6EE5       0
                text4                              DB6A     DB6A        A     6DB5       0
                text3                              DB74     DB74        A     6DBA       0
                text2                              DB7E     DB7E        A     6DBF       0
                text1                              DD80     DD80       4A     6EC0       0
                text0                              EE36     EE36      CD0     771B       0
                cstackCOMRAM                          1        1       46        1       1
                cstackBANK0                          BB       BB       34       60       1
                bssBANK0                             60       60       5B       60       1
                bssCOMRAM                            53       53        B        1       1
                cinit                              DC74     DC74       1E     6E3A       0
                nvCOMRAM                             47       47        C        1       1

TOTAL           Name                               Link     Load   Length     Space
        CLASS   CODE           
                init                               FFFC     FFFC        4         0
                reset_vec                             0        0        4         0
                text58                             DB26     DB26        2         0
                text57                             DB28     DB28        2         0
                text56                             DB2A     DB2A        2         0
                text55                             E36C     E36C       94         0
                text54                             DC0A     DC0A       1A         0
                text53                             DBC8     DBC8       16         0
                text52                             DCB4     DCB4       2A         0
                text51                             DF12     DF12       5C         0
                text50                             E034     E034       6C         0
                text49                             E72C     E72C       B4         0
                text48                             DC58     DC58       1C         0
                text47                             DE18     DE18       52         0
                text46                             E494     E494       9E         0
                text45                             DBDE     DBDE       16         0
                text44                             DC92     DC92       22         0
                text43                             DB32     DB32        4         0
                text42                             DB36     DB36        4         0
                text41                             DB88     DB88        C         0
                text40                             E7E0     E7E0       C0         0
                text39                             E67E     E67E       AE         0
                text38                             E17A     E17A       72         0
                text37                             DFD0     DFD0       64         0
                text36                             DD08     DD08       34         0
                text35                             DC24     DC24       1A         0
                text34                             DB42     DB42        A         0
                text33                             E5D2     E5D2       AC         0
                text32                             EB00     EB00      336         0
                text31                             DEBC     DEBC       56         0
                text30                             DD3C     DD3C       44         0
                text29                             E9B6     E9B6      14A         0
                text28                             DC3E     DC3E       1A         0
                text27                             E8A0     E8A0      116         0
                text26                             DB2C     DB2C        2         0
                text25                             DB2E     DB2E        2         0
                text24                             DB30     DB30        2         0
                text23                             E400     E400       94         0
                text22                             DBF4     DBF4       16         0
                text21                             DCDE     DCDE       2A         0
                text20                             E2E4     E2E4       88         0
                text19                             E25E     E25E       86         0
                text18                             DE6A     DE6A       52         0
                text17                             E1EC     E1EC       72         0
                text16                             DF6E     DF6E       62         0
                text15                             E10C     E10C       6E         0
                text14                             DBA2     DBA2       12         0
                text13                             E532     E532       A0         0
                text12                             DBB4     DBB4       14         0
                text11                             DB94     DB94        E         0
                text10                             E0A0     E0A0       6C         0
                text9                              DB3A     DB3A        8         0
                text8                              DB4C     DB4C        A         0
                text7                              DB56     DB56        A         0
                text6                              DB60     DB60        A         0
                text5                              DDCA     DDCA       4E         0
                text4                              DB6A     DB6A        A         0
                text3                              DB74     DB74        A         0
                text2                              DB7E     DB7E        A         0
                text1                              DD80     DD80       4A         0
                text0                              EE36     EE36      CD0         0
                cinit                              DC74     DC74       1E         0

        CLASS   CONST          

        CLASS   SMALLCONST     

        CLASS   MEDIUMCONST    
                mediumconst                        FB06     FB06      4F6         0

        CLASS   COMRAM         
                cstackCOMRAM                          1        1       46         1
                bssCOMRAM                            53       53        B         1
                nvCOMRAM                             47       47        C         1

        CLASS   ABS1           

        CLASS   BIGRAM         

        CLASS   RAM            

        CLASS   BANK0          
                cstackBANK0                          BB       BB       34         1
                bssBANK0                             60       60       5B         1

        CLASS   BANK1          

        CLASS   BANK2          

        CLASS   BANK3          

        CLASS   BANK4          

        CLASS   BANK5          

        CLASS   BANK6          

        CLASS   BANK7          

        CLASS   BANK8          

        CLASS   BANK9          

        CLASS   BANK10         

        CLASS   BANK11         

        CLASS   BANK12         

        CLASS   BANK13         

        CLASS   BANK14         

        CLASS   BANK15         

        CLASS   SFR            

        CLASS   BIGSFR         

        CLASS   CONFIG         
                config                           300000   300000        A         4

        CLASS   IDLOC          

        CLASS   EEDATA         

        CLASS   FARRAM         

        CLASS   HEAP           

        CLASS   STACK          



SEGMENTS        Name                           Load    Length   Top    Selector   Space  Class

                reset_vec                      000000  000004  000004         0       0  CODE    
                cstackCOMRAM                   000001  00005D  00005E         1       1  COMRAM  
                bssBANK0                       000060  00008F  0000EF        60       1  BANK0   
                text58                         00DB26  000002  00DB28      6D93       0  CODE    
                text57                         00DB28  000002  00DB2A      6D94       0  CODE    
                text56                         00DB2A  000002  00DB2C      6D95       0  CODE    
                text26                         00DB2C  000002  00DB2E      6D96       0  CODE    
                text25                         00DB2E  000002  00DB30      6D97       0  CODE    
                text24                         00DB30  000002  00DB32      6D98       0  CODE    
                text43                         00DB32  000004  00DB36      6D99       0  CODE    
                text42                         00DB36  000004  00DB3A      6D9B       0  CODE    
                text9                          00DB3A  000008  00DB42      6D9D       0  CODE    
                text34                         00DB42  00000A  00DB4C      6DA1       0  CODE    
                text8                          00DB4C  00000A  00DB56      6DA6       0  CODE    
                text7                          00DB56  00000A  00DB60      6DAB       0  CODE    
                text6                          00DB60  00000A  00DB6A      6DB0       0  CODE    
                text4                          00DB6A  00000A  00DB74      6DB5       0  CODE    
                text3                          00DB74  00000A  00DB7E      6DBA       0  CODE    
                text2                          00DB7E  00000A  00DB88      6DBF       0  CODE    
                text41                         00DB88  00000C  00DB94      6DC4       0  CODE    
                text11                         00DB94  00000E  00DBA2      6DCA       0  CODE    
                text14                         00DBA2  000012  00DBB4      6DD1       0  CODE    
                text12                         00DBB4  000014  00DBC8      6DDA       0  CODE    
                text53                         00DBC8  000016  00DBDE      6DE4       0  CODE    
                text45                         00DBDE  000016  00DBF4      6DEF       0  CODE    
                text22                         00DBF4  000016  00DC0A      6DFA       0  CODE    
                text54                         00DC0A  00001A  00DC24      6E05       0  CODE    
                text35                         00DC24  00001A  00DC3E      6E12       0  CODE    
                text28                         00DC3E  00001A  00DC58      6E1F       0  CODE    
                text48                         00DC58  00001C  00DC74      6E2C       0  CODE    
                cinit                          00DC74  00001E  00DC92      6E3A       0  CODE    
                text44                         00DC92  000022  00DCB4      6E49       0  CODE    
                text52                         00DCB4  00002A  00DCDE      6E5A       0  CODE    
                text21                         00DCDE  00002A  00DD08      6E6F       0  CODE    
                text36                         00DD08  000034  00DD3C      6E84       0  CODE    
                text30                         00DD3C  000044  00DD80      6E9E       0  CODE    
                text1                          00DD80  00004A  00DDCA      6EC0       0  CODE    
                text5                          00DDCA  00004E  00DE18      6EE5       0  CODE    
                text47                         00DE18  000052  00DE6A      6F0C       0  CODE    
                text18                         00DE6A  000052  00DEBC      6F35       0  CODE    
                text31                         00DEBC  000056  00DF12      6F5E       0  CODE    
                text51                         00DF12  00005C  00DF6E      6F89       0  CODE    
                text16                         00DF6E  000062  00DFD0      6FB7       0  CODE    
                text37                         00DFD0  000064  00E034      6FE8       0  CODE    
                text50                         00E034  00006C  00E0A0      701A       0  CODE    
                text10                         00E0A0  00006C  00E10C      7050       0  CODE    
                text15                         00E10C  00006E  00E17A      7086       0  CODE    
                text38                         00E17A  000072  00E1EC      70BD       0  CODE    
                text17                         00E1EC  000072  00E25E      70F6       0  CODE    
                text19                         00E25E  000086  00E2E4      712F       0  CODE    
                text20                         00E2E4  000088  00E36C      7172       0  CODE    
                text55                         00E36C  000094  00E400      71B6       0  CODE    
                text23                         00E400  000094  00E494      7200       0  CODE    
                text46                         00E494  00009E  00E532      724A       0  CODE    
                text13                         00E532  0000A0  00E5D2      7299       0  CODE    
                text33                         00E5D2  0000AC  00E67E      72E9       0  CODE    
                text39                         00E67E  0000AE  00E72C      733F       0  CODE    
                text49                         00E72C  0000B4  00E7E0      7396       0  CODE    
                text40                         00E7E0  0000C0  00E8A0      73F0       0  CODE    
                text27                         00E8A0  000116  00E9B6      7450       0  CODE    
                text29                         00E9B6  00014A  00EB00      74DB       0  CODE    
                text32                         00EB00  000336  00EE36      7580       0  CODE    
                text0                          00EE36  000CD0  00FB06      771B       0  CODE    
                mediumconst                    00FB06  0004F6  00FFFC      7D83       0  MEDIUMCO
                init                           00FFFC  000004  010000      7FFE       0  CODE    


UNUSED ADDRESS RANGES

        Name                Unused          Largest block    Delta
        BANK0            0000EF-0000FF               11
        BANK1            000100-0001FF              100
        BANK10           000A00-000AFF              100
        BANK11           000B00-000BFF              100
        BANK12           000C00-000CFF              100
        BANK13           000D00-000DFF              100
        BANK14           000E00-000EFF              100
        BANK15           000F00-000FFF              100
        BANK2            000200-0002FF              100
        BANK3            000300-0003FF              100
        BANK4            000400-0004FF              100
        BANK5            000500-0005FF              100
        BANK6            000600-0006FF              100
        BANK7            000700-0007FF              100
        BANK8            000800-0008FF              100
        BANK9            000900-0009FF              100
        BIGRAM           00005E-00005F                2
                         0000EF-000FFF              F11
        BIGSFR           003800-003FFF              800
        CODE             000004-00DB25             DB22
        COMRAM           00005E-00005F                2
        CONST            000004-00DB25             DB22
        EEDATA           310000-3103FF              400
        IDLOC            200000-20000F               10
        MEDIUMCONST      001000-00DB25             CB26
        RAM              0000EF-000FFF              100
        SFR              003800-003FFF              100
        SMALLCONST       001000-00DB25              100

                                  Symbol Table

?_Read_Battery_Voltage                        cstackCOMRAM 000002
?_TMR0_Read16BitTimer                         cstackCOMRAM 000001
?___awdiv                                     cstackCOMRAM 000001
?___awmod                                     cstackCOMRAM 000001
?___lwdiv                                     cstackCOMRAM 000001
?___lwmod                                     cstackCOMRAM 000001
?_abs                                         cstackCOMRAM 000007
?_printf                                      cstackCOMRAM 000020
?_sprintf                                     cstackCOMRAM 000020
?_vfpfcnvrt                                   cstackCOMRAM 00000B
?_vfprintf                                    cstackCOMRAM 00001A
Backward@speed                                cstackCOMRAM 000002
Calibrate_Sensors@i                           cstackCOMRAM 000012
Calibrate_Sensors@lbyte                       cstackCOMRAM 000008
Calibrate_Sensors@ubyte                       cstackCOMRAM 00000D
Calibrate_Sensors@values                      bssBANK0     0000A7
Countdown@counts                              cstackCOMRAM 00003E
Countdown@i                                   cstackCOMRAM 000042
Countdown@length                              cstackCOMRAM 000041
Countdown@msg                                 cstackCOMRAM 000035
Countdown@time                                cstackCOMRAM 000040
Forward@speed                                 cstackCOMRAM 000002
Get_Key@rxdata                                cstackCOMRAM 000002
Get_Number@digit                              cstackCOMRAM 000028
Get_Number@value                              cstackCOMRAM 000027
LCD_Position@x                                cstackCOMRAM 000003
LCD_Position@y                                cstackCOMRAM 000002
LCD_Print@i                                   cstackCOMRAM 000007
LCD_Print@length                              cstackCOMRAM 000004
LCD_Print@str                                 cstackCOMRAM 000002
LCD_PrintCharacter@byte                       cstackCOMRAM 000002
Left_Turn@differential                        cstackCOMRAM 000002
Left_Turn@speed                               cstackCOMRAM 000004
Read_Battery_Voltage@lbyte                    cstackCOMRAM 000006
Read_Battery_Voltage@ubyte                    cstackCOMRAM 000007
Right_Turn@differential                       cstackCOMRAM 000002
Right_Turn@speed                              cstackCOMRAM 000003
TMR0_Initialize@TMR0control_0                 cstackCOMRAM 000002
TMR0_Initialize@TMR0control_1                 cstackCOMRAM 000001
TMR0_Read16BitTimer@readVal                   cstackCOMRAM 000005
TMR0_Read16BitTimer@readValHigh               cstackCOMRAM 000008
TMR0_Read16BitTimer@readValLow                cstackCOMRAM 000007
TMR0_Write16BitTimer@timerVal                 cstackCOMRAM 000001
UART1_SetErrorHandler@interruptHandler        cstackCOMRAM 000001
UART1_SetFramingErrorHandler@interruptHandler cstackCOMRAM 000001
UART1_SetOverrunErrorHandler@interruptHandler cstackCOMRAM 000001
UART1_Write@txData                            cstackCOMRAM 000001
UART2_SetErrorHandler@interruptHandler        cstackCOMRAM 000001
UART2_SetFramingErrorHandler@interruptHandler cstackCOMRAM 000001
UART2_SetOverrunErrorHandler@interruptHandler cstackCOMRAM 000001
UART2_Write@txData                            cstackCOMRAM 000001
_ADACCH                                       (abs)        003EE9
_ADACCL                                       (abs)        003EE8
_ADACCU                                       (abs)        003EEA
_ADACQH                                       (abs)        003EF4
_ADACQL                                       (abs)        003EF3
_ADACT                                        (abs)        003EFE
_ADACTPPS                                     (abs)        003ADD
_ADCAP                                        (abs)        003EF5
_ADCLK                                        (abs)        003EFF
_ADCNT                                        (abs)        003EEB
_ADCON0                                       (abs)        003EF8
_ADCON0bits                                   (abs)        003EF8
_ADCON1                                       (abs)        003EF9
_ADCON1bits                                   (abs)        003EF9
_ADCON2                                       (abs)        003EFA
_ADCON2bits                                   (abs)        003EFA
_ADCON3                                       (abs)        003EFB
_ADCON3bits                                   (abs)        003EFB
_ADERRH                                       (abs)        003EE3
_ADERRL                                       (abs)        003EE2
_ADFLTRH                                      (abs)        003EE7
_ADFLTRL                                      (abs)        003EE6
_ADLTHH                                       (abs)        003EDF
_ADLTHL                                       (abs)        003EDE
_ADPCH                                        (abs)        003EF1
_ADPREH                                       (abs)        003EF7
_ADPREL                                       (abs)        003EF6
_ADPREVH                                      (abs)        003EEE
_ADPREVL                                      (abs)        003EED
_ADREF                                        (abs)        003EFD
_ADRESH                                       (abs)        003EF0
_ADRESL                                       (abs)        003EEF
_ADRPT                                        (abs)        003EEC
_ADSTAT                                       (abs)        003EFC
_ADSTATbits                                   (abs)        003EFC
_ADSTPTH                                      (abs)        003EE5
_ADSTPTL                                      (abs)        003EE4
_ADUTHH                                       (abs)        003EE1
_ADUTHL                                       (abs)        003EE0
_ANSELA                                       (abs)        003A40
_ANSELB                                       (abs)        003A50
_ANSELBbits                                   (abs)        003A50
_ANSELC                                       (abs)        003A60
_ANSELD                                       (abs)        003A70
_ANSELE                                       (abs)        003A80
_Auto_Calibrate                               text51       00DF12
_Backward                                     text50       00E034
_CCPTMRS1bits                                 (abs)        003F5F
_Calibrate_Sensors                            text49       00E72C
_Countdown                                    text29       00E9B6
_Diagnostic_Menu                              text27       00E8A0
_Forward                                      text10       00E0A0
_Get_Key                                      text20       00E2E4
_Get_Number                                   text19       00E25E
_I2C1CLK                                      (abs)        003D7B
_I2C1CNT                                      (abs)        003D6C
_I2C1CON0                                     (abs)        003D73
_I2C1CON0bits                                 (abs)        003D73
_I2C1CON1                                     (abs)        003D74
_I2C1CON1bits                                 (abs)        003D74
_I2C1CON2                                     (abs)        003D75
_I2C1ERR                                      (abs)        003D76
_I2C1ERRbits                                  (abs)        003D76
_I2C1PIE                                      (abs)        003D7A
_I2C1PIEbits                                  (abs)        003D7A
_I2C1PIR                                      (abs)        003D79
_I2C1PIRbits                                  (abs)        003D79
_I2C1RXB                                      (abs)        003D6A
_I2C1SCLPPS                                   (abs)        003AE1
_I2C1SDAPPS                                   (abs)        003AE2
_I2C1STAT1bits                                (abs)        003D78
_I2C1TXB                                      (abs)        003D6B
_I2C1_CallbackReturnReset                     (abs)        000000
_I2C1_CallbackReturnStop                      (abs)        000000
_I2C1_DO_ADDRESS_NACK                         (abs)        000000
_I2C1_DO_BUS_COLLISION                        (abs)        000000
_I2C1_DO_BUS_ERROR                            (abs)        000000
_I2C1_DO_IDLE                                 (abs)        000000
_I2C1_DO_RESET                                (abs)        000000
_I2C1_DO_RX                                   (abs)        000000
_I2C1_DO_RX_ACK                               (abs)        000000
_I2C1_DO_RX_EMPTY                             (abs)        000000
_I2C1_DO_RX_NACK_RESTART                      (abs)        000000
_I2C1_DO_RX_NACK_STOP                         (abs)        000000
_I2C1_DO_SEND_ADR_READ                        (abs)        000000
_I2C1_DO_SEND_ADR_WRITE                       (abs)        000000
_I2C1_DO_SEND_RESTART                         (abs)        000000
_I2C1_DO_SEND_RESTART_READ                    (abs)        000000
_I2C1_DO_SEND_RESTART_WRITE                   (abs)        000000
_I2C1_DO_SEND_STOP                            (abs)        000000
_I2C1_DO_TX                                   (abs)        000000
_I2C1_DO_TX_ACK                               (abs)        000000
_I2C1_DO_TX_EMPTY                             (abs)        000000
_I2C1_Status                                  bssBANK0     000080
_INLVLA                                       (abs)        003A44
_INLVLB                                       (abs)        003A54
_INLVLC                                       (abs)        003A64
_INLVLD                                       (abs)        003A74
_INLVLE                                       (abs)        003A84
_LATA                                         (abs)        003FBA
_LATB                                         (abs)        003FBB
_LATC                                         (abs)        003FBC
_LATD                                         (abs)        003FBD
_LATE                                         (abs)        003FBE
_LCD_Clear                                    text48       00DC58
_LCD_Position                                 text47       00DE18
_LCD_Print                                    text46       00E494
_LCD_PrintCharacter                           text18       00DE6A
_Left_Turn                                    text17       00E1EC
_ODCONA                                       (abs)        003A42
_ODCONB                                       (abs)        003A52
_ODCONC                                       (abs)        003A62
_ODCOND                                       (abs)        003A72
_ODCONE                                       (abs)        003A82
_OSCCON1                                      (abs)        0039D9
_OSCCON3                                      (abs)        0039DB
_OSCEN                                        (abs)        0039DD
_OSCFRQ                                       (abs)        0039DF
_OSCILLATOR_Initialize                        text14       00DBA2
_OSCTUNE                                      (abs)        0039DE
_PIE2bits                                     (abs)        003992
_PIE3bits                                     (abs)        003993
_PIN_MANAGER_Initialize                       text13       00E532
_PIR2bits                                     (abs)        0039A2
_PIR3bits                                     (abs)        0039A3
_PIR4bits                                     (abs)        0039A4
_PIR6bits                                     (abs)        0039A6
_PMD0                                         (abs)        0039C0
_PMD1                                         (abs)        0039C1
_PMD2                                         (abs)        0039C2
_PMD3                                         (abs)        0039C3
_PMD4                                         (abs)        0039C4
_PMD5                                         (abs)        0039C5
_PMD6                                         (abs)        0039C6
_PMD7                                         (abs)        0039C7
_PMD_Initialize                               text12       00DBB4
_PORTBbits                                    (abs)        003FCB
_PR2                                          (abs)        003FAB
_PWM7CON                                      (abs)        003F66
_PWM7DCH                                      (abs)        003F65
_PWM7DCL                                      (abs)        003F64
_RB1I2C                                       (abs)        003A5A
_RB2I2C                                       (abs)        003A5B
_RB6PPS                                       (abs)        003A0E
_RC0PPS                                       (abs)        003A10
_RC1PPS                                       (abs)        003A11
_RC3I2C                                       (abs)        003A6A
_RC3PPS                                       (abs)        003A13
_RC4I2C                                       (abs)        003A6B
_RC4PPS                                       (abs)        003A14
_RC5PPS                                       (abs)        003A15
_RC6PPS                                       (abs)        003A16
_RD0I2C                                       (abs)        003A7A
_RD1I2C                                       (abs)        003A7B
_Read_Battery_Voltage                         text16       00DF6E
_Right_Turn                                   text15       00E10C
_SLRCONA                                      (abs)        003A43
_SLRCONB                                      (abs)        003A53
_SLRCONC                                      (abs)        003A63
_SLRCOND                                      (abs)        003A73
_SLRCONE                                      (abs)        003A83
_SYSTEM_Initialize                            text11       00DB94
_Stop                                         text9        00DB3A
_T0CKIPPS                                     (abs)        003AC3
_T0CON0                                       (abs)        003FB8
_T0CON0bits                                   (abs)        003FB8
_T0CON1                                       (abs)        003FB9
_T2CLKCON                                     (abs)        003FAE
_T2CON                                        (abs)        003FAC
_T2CONbits                                    (abs)        003FAC
_T2HLT                                        (abs)        003FAD
_T2HLTbits                                    (abs)        003FAD
_T2INPPS                                      (abs)        003ACA
_T2PR                                         (abs)        003FAB
_T2RST                                        (abs)        003FAF
_T2RSTbits                                    (abs)        003FAF
_T2TMR                                        (abs)        003FAA
_TMR0H                                        (abs)        003FB7
_TMR0IF                                       (abs)        01CD1F
_TMR0L                                        (abs)        003FB6
_TMR0_Initialize                              text45       00DBDE
_TMR0_Read16BitTimer                          text44       00DC92
_TMR0_StartTimer                              text43       00DB32
_TMR0_StopTimer                               text42       00DB36
_TMR0_Write16BitTimer                         text41       00DB88
_TMR2                                         (abs)        003FAA
_TRISA                                        (abs)        003FC2
_TRISB                                        (abs)        003FC3
_TRISBbits                                    (abs)        003FC3
_TRISC                                        (abs)        003FC4
_TRISD                                        (abs)        003FC5
_TRISE                                        (abs)        003FC6
_U1BRGH                                       (abs)        003DF6
_U1BRGL                                       (abs)        003DF5
_U1CON0                                       (abs)        003DF2
_U1CON0bits                                   (abs)        003DF2
_U1CON1                                       (abs)        003DF3
_U1CON2                                       (abs)        003DF4
_U1ERRIE                                      (abs)        003DFA
_U1ERRIR                                      (abs)        003DF9
_U1ERRIRbits                                  (abs)        003DF9
_U1FIFO                                       (abs)        003DF7
_U1P1H                                        (abs)        003DED
_U1P1L                                        (abs)        003DEC
_U1P2H                                        (abs)        003DEF
_U1P2L                                        (abs)        003DEE
_U1P3H                                        (abs)        003DF1
_U1P3L                                        (abs)        003DF0
_U1RXB                                        (abs)        003DE8
_U1RXPPS                                      (abs)        003AE5
_U1TXB                                        (abs)        003DEA
_U1UIR                                        (abs)        003DF8
_U2BRGH                                       (abs)        003DDE
_U2BRGL                                       (abs)        003DDD
_U2CON0                                       (abs)        003DDA
_U2CON0bits                                   (abs)        003DDA
_U2CON1                                       (abs)        003DDB
_U2CON2                                       (abs)        003DDC
_U2ERRIE                                      (abs)        003DE2
_U2ERRIR                                      (abs)        003DE1
_U2ERRIRbits                                  (abs)        003DE1
_U2FIFO                                       (abs)        003DDF
_U2P1L                                        (abs)        003DD4
_U2P2L                                        (abs)        003DD6
_U2P3L                                        (abs)        003DD8
_U2RXB                                        (abs)        003DD0
_U2RXPPS                                      (abs)        003AE8
_U2TXB                                        (abs)        003DD2
_U2UIR                                        (abs)        003DE0
_UART1_DefaultErrorHandler                    text58       00DB26
_UART1_DefaultFramingErrorHandler             text57       00DB28
_UART1_DefaultOverrunErrorHandler             text56       00DB2A
_UART1_ErrorHandler                           nvCOMRAM     00004D
_UART1_FramingErrorHandler                    nvCOMRAM     000051
_UART1_Initialize                             text5        00DDCA
_UART1_OverrunErrorHandler                    nvCOMRAM     00004F
_UART1_Read                                   text55       00E36C
_UART1_SetErrorHandler                        text8        00DB4C
_UART1_SetFramingErrorHandler                 text7        00DB56
_UART1_SetOverrunErrorHandler                 text6        00DB60
_UART1_Write                                  text54       00DC0A
_UART1_is_rx_ready                            text53       00DBC8
_UART1_is_tx_ready                            text52       00DCB4
_UART1_is_tx_ready$2404                       cstackCOMRAM 000001
_UART2_DefaultErrorHandler                    text26       00DB2C
_UART2_DefaultFramingErrorHandler             text25       00DB2E
_UART2_DefaultOverrunErrorHandler             text24       00DB30
_UART2_ErrorHandler                           nvCOMRAM     000047
_UART2_FramingErrorHandler                    nvCOMRAM     00004B
_UART2_Initialize                             text1        00DD80
_UART2_OverrunErrorHandler                    nvCOMRAM     000049
_UART2_Read                                   text23       00E400
_UART2_SetErrorHandler                        text4        00DB6A
_UART2_SetFramingErrorHandler                 text3        00DB74
_UART2_SetOverrunErrorHandler                 text2        00DB7E
_UART2_Write                                  text35       00DC24
_UART2_is_rx_ready                            text22       00DBF4
_UART2_is_tx_ready                            text21       00DCDE
_UART2_is_tx_ready$2628                       cstackCOMRAM 000001
_WPUA                                         (abs)        003A41
_WPUB                                         (abs)        003A51
_WPUC                                         (abs)        003A61
_WPUD                                         (abs)        003A71
_WPUE                                         (abs)        003A81
__HRAM                                        (abs)        000000
__H__absolute__                               __absolute__ 000000
__Habs1                                       abs1         000000
__Hbank0                                      bank0        000000
__Hbank1                                      bank1        000000
__Hbank10                                     bank10       000000
__Hbank11                                     bank11       000000
__Hbank12                                     bank12       000000
__Hbank13                                     bank13       000000
__Hbank14                                     bank14       000000
__Hbank15                                     bank15       000000
__Hbank2                                      bank2        000000
__Hbank3                                      bank3        000000
__Hbank4                                      bank4        000000
__Hbank5                                      bank5        000000
__Hbank6                                      bank6        000000
__Hbank7                                      bank7        000000
__Hbank8                                      bank8        000000
__Hbank9                                      bank9        000000
__Hbigbss                                     bigbss       000000
__Hbigdata                                    bigdata      000000
__Hbigram                                     bigram       000000
__Hbigsfr                                     bigsfr       000000
__Hbss                                        bss          000000
__HbssBANK0                                   bssBANK0     000000
__HbssCOMRAM                                  bssCOMRAM    000000
__Hcinit                                      cinit        000000
__Hclrtext                                    clrtext      000000
__Hcomram                                     comram       000000
__Hconfig                                     config       30000A
__Hconst                                      const        000000
__HcstackBANK0                                cstackBANK0  000000
__HcstackCOMRAM                               cstackCOMRAM 000000
__Hdata                                       data         000000
__Heeprom_data                                eeprom_data  000000
__Hfarbss                                     farbss       000000
__Hfardata                                    fardata      000000
__Hheap                                       heap         000000
__Hibigdata                                   ibigdata     000000
__Hidata                                      idata        000000
__Hidloc                                      idloc        000000
__Hifardata                                   ifardata     000000
__Hinit                                       init         010000
__Hintsave_regs                               intsave_regs 000000
__Hirdata                                     irdata       000000
__Hmediumconst                                mediumconst  00FFFC
__HnvCOMRAM                                   nvCOMRAM     000000
__HnvFARRAM                                   nvFARRAM     000000
__Hnvbit                                      nvbit        000000
__Hnvrram                                     nvrram       000000
__Hparam                                      rparam       000000
__Hpowerup                                    powerup      000000
__Hram                                        ram          000000
__Hramtop                                     ramtop       001000
__Hrbit                                       rbit         000000
__Hrbss                                       rbss         000000
__Hrdata                                      rdata        000000
__Hreset_vec                                  reset_vec    000004
__Hrparam                                     rparam       000000
__Hsfr                                        sfr          000000
__Hsmallconst                                 smallconst   000000
__Hspace_0                                    (abs)        010000
__Hspace_1                                    (abs)        0000EF
__Hspace_2                                    (abs)        000000
__Hspace_4                                    (abs)        60000A
__Hstack                                      stack        000000
__Hstruct                                     struct       000000
__Htemp                                       temp         000000
__Htext                                       text         000000
__Htext0                                      text0        000000
__Htext1                                      text1        000000
__Htext10                                     text10       000000
__Htext11                                     text11       000000
__Htext12                                     text12       000000
__Htext13                                     text13       000000
__Htext14                                     text14       000000
__Htext15                                     text15       000000
__Htext16                                     text16       000000
__Htext17                                     text17       000000
__Htext18                                     text18       000000
__Htext19                                     text19       000000
__Htext2                                      text2        000000
__Htext20                                     text20       000000
__Htext21                                     text21       000000
__Htext22                                     text22       000000
__Htext23                                     text23       000000
__Htext24                                     text24       000000
__Htext25                                     text25       000000
__Htext26                                     text26       000000
__Htext27                                     text27       000000
__Htext28                                     text28       000000
__Htext29                                     text29       000000
__Htext3                                      text3        000000
__Htext30                                     text30       000000
__Htext31                                     text31       000000
__Htext32                                     text32       000000
__Htext33                                     text33       000000
__Htext34                                     text34       000000
__Htext35                                     text35       000000
__Htext36                                     text36       000000
__Htext37                                     text37       000000
__Htext38                                     text38       000000
__Htext39                                     text39       000000
__Htext4                                      text4        000000
__Htext40                                     text40       000000
__Htext41                                     text41       000000
__Htext42                                     text42       000000
__Htext43                                     text43       000000
__Htext44                                     text44       000000
__Htext45                                     text45       000000
__Htext46                                     text46       000000
__Htext47                                     text47       000000
__Htext48                                     text48       000000
__Htext49                                     text49       000000
__Htext5                                      text5        000000
__Htext50                                     text50       000000
__Htext51                                     text51       000000
__Htext52                                     text52       000000
__Htext53                                     text53       000000
__Htext54                                     text54       000000
__Htext55                                     text55       000000
__Htext56                                     text56       000000
__Htext57                                     text57       000000
__Htext58                                     text58       000000
__Htext6                                      text6        000000
__Htext7                                      text7        000000
__Htext8                                      text8        000000
__Htext9                                      text9        000000
__LRAM                                        (abs)        000001
__L__absolute__                               __absolute__ 000000
__Labs1                                       abs1         000000
__Lbank0                                      bank0        000000
__Lbank1                                      bank1        000000
__Lbank10                                     bank10       000000
__Lbank11                                     bank11       000000
__Lbank12                                     bank12       000000
__Lbank13                                     bank13       000000
__Lbank14                                     bank14       000000
__Lbank15                                     bank15       000000
__Lbank2                                      bank2        000000
__Lbank3                                      bank3        000000
__Lbank4                                      bank4        000000
__Lbank5                                      bank5        000000
__Lbank6                                      bank6        000000
__Lbank7                                      bank7        000000
__Lbank8                                      bank8        000000
__Lbank9                                      bank9        000000
__Lbigbss                                     bigbss       000000
__Lbigdata                                    bigdata      000000
__Lbigram                                     bigram       000000
__Lbigsfr                                     bigsfr       000000
__Lbss                                        bss          000000
__LbssBANK0                                   bssBANK0     000000
__LbssCOMRAM                                  bssCOMRAM    000000
__Lcinit                                      cinit        000000
__Lclrtext                                    clrtext      000000
__Lcomram                                     comram       000000
__Lconfig                                     config       000000
__Lconst                                      const        000000
__LcstackBANK0                                cstackBANK0  000000
__LcstackCOMRAM                               cstackCOMRAM 000000
__Ldata                                       data         000000
__Leeprom_data                                eeprom_data  000000
__Lfarbss                                     farbss       000000
__Lfardata                                    fardata      000000
__Lheap                                       heap         000000
__Libigdata                                   ibigdata     000000
__Lidata                                      idata        000000
__Lidloc                                      idloc        000000
__Lifardata                                   ifardata     000000
__Linit                                       init         00FFFC
__Lintsave_regs                               intsave_regs 000000
__Lirdata                                     irdata       000000
__Lmediumconst                                mediumconst  00FB06
__LnvCOMRAM                                   nvCOMRAM     000000
__LnvFARRAM                                   nvFARRAM     000000
__Lnvbit                                      nvbit        000000
__Lnvrram                                     nvrram       000000
__Lparam                                      rparam       000000
__Lpowerup                                    powerup      000000
__Lram                                        ram          000000
__Lramtop                                     ramtop       001000
__Lrbit                                       rbit         000000
__Lrbss                                       rbss         000000
__Lrdata                                      rdata        000000
__Lreset_vec                                  reset_vec    000000
__Lrparam                                     rparam       000000
__Lsfr                                        sfr          000000
__Lsmallconst                                 smallconst   000000
__Lspace_0                                    (abs)        000000
__Lspace_1                                    (abs)        000000
__Lspace_2                                    (abs)        000000
__Lspace_4                                    (abs)        000000
__Lstack                                      stack        000000
__Lstruct                                     struct       000000
__Ltemp                                       temp         000000
__Ltext                                       text         000000
__Ltext0                                      text0        000000
__Ltext1                                      text1        000000
__Ltext10                                     text10       000000
__Ltext11                                     text11       000000
__Ltext12                                     text12       000000
__Ltext13                                     text13       000000
__Ltext14                                     text14       000000
__Ltext15                                     text15       000000
__Ltext16                                     text16       000000
__Ltext17                                     text17       000000
__Ltext18                                     text18       000000
__Ltext19                                     text19       000000
__Ltext2                                      text2        000000
__Ltext20                                     text20       000000
__Ltext21                                     text21       000000
__Ltext22                                     text22       000000
__Ltext23                                     text23       000000
__Ltext24                                     text24       000000
__Ltext25                                     text25       000000
__Ltext26                                     text26       000000
__Ltext27                                     text27       000000
__Ltext28                                     text28       000000
__Ltext29                                     text29       000000
__Ltext3                                      text3        000000
__Ltext30                                     text30       000000
__Ltext31                                     text31       000000
__Ltext32                                     text32       000000
__Ltext33                                     text33       000000
__Ltext34                                     text34       000000
__Ltext35                                     text35       000000
__Ltext36                                     text36       000000
__Ltext37                                     text37       000000
__Ltext38                                     text38       000000
__Ltext39                                     text39       000000
__Ltext4                                      text4        000000
__Ltext40                                     text40       000000
__Ltext41                                     text41       000000
__Ltext42                                     text42       000000
__Ltext43                                     text43       000000
__Ltext44                                     text44       000000
__Ltext45                                     text45       000000
__Ltext46                                     text46       000000
__Ltext47                                     text47       000000
__Ltext48                                     text48       000000
__Ltext49                                     text49       000000
__Ltext5                                      text5        000000
__Ltext50                                     text50       000000
__Ltext51                                     text51       000000
__Ltext52                                     text52       000000
__Ltext53                                     text53       000000
__Ltext54                                     text54       000000
__Ltext55                                     text55       000000
__Ltext56                                     text56       000000
__Ltext57                                     text57       000000
__Ltext58                                     text58       000000
__Ltext6                                      text6        000000
__Ltext7                                      text7        000000
__Ltext8                                      text8        000000
__Ltext9                                      text9        000000
__S0                                          (abs)        010000
__S1                                          (abs)        0000EF
__S4                                          (abs)        000000
__S5                                          (abs)        000000
___awdiv                                      text40       00E7E0
___awdiv@counter                              cstackCOMRAM 000005
___awdiv@dividend                             cstackCOMRAM 000001
___awdiv@divisor                              cstackCOMRAM 000003
___awdiv@quotient                             cstackCOMRAM 000007
___awdiv@sign                                 cstackCOMRAM 000006
___awmod                                      text39       00E67E
___awmod@counter                              cstackCOMRAM 000005
___awmod@dividend                             cstackCOMRAM 000001
___awmod@divisor                              cstackCOMRAM 000003
___awmod@sign                                 cstackCOMRAM 000006
___heap_hi                                    (abs)        000000
___heap_lo                                    (abs)        000000
___inthi_sp                                   stack        000000
___inthi_stack_hi                             stack        000000
___inthi_stack_lo                             stack        000000
___intlo_sp                                   stack        000000
___intlo_stack_hi                             stack        000000
___intlo_stack_lo                             stack        000000
___lwdiv                                      text38       00E17A
___lwdiv@counter                              cstackCOMRAM 000007
___lwdiv@dividend                             cstackCOMRAM 000001
___lwdiv@divisor                              cstackCOMRAM 000003
___lwdiv@quotient                             cstackCOMRAM 000005
___lwmod                                      text37       00DFD0
___lwmod@counter                              cstackCOMRAM 000005
___lwmod@dividend                             cstackCOMRAM 000001
___lwmod@divisor                              cstackCOMRAM 000003
___param_bank                                 (abs)        000000
___rparam_used                                (abs)        000001
___sp                                         stack        000000
___stack_hi                                   stack        000000
___stack_lo                                   stack        000000
__accesstop                                   (abs)        000060
__activetblptr                                (abs)        000003
__end_of_Auto_Calibrate                       text51       00DF6E
__end_of_Backward                             text50       00E0A0
__end_of_Calibrate_Sensors                    text49       00E7E0
__end_of_Countdown                            text29       00EB00
__end_of_Diagnostic_Menu                      text27       00E9B6
__end_of_Forward                              text10       00E10C
__end_of_Get_Key                              text20       00E36C
__end_of_Get_Number                           text19       00E2E4
__end_of_LCD_Clear                            text48       00DC74
__end_of_LCD_Position                         text47       00DE6A
__end_of_LCD_Print                            text46       00E532
__end_of_LCD_PrintCharacter                   text18       00DEBC
__end_of_Left_Turn                            text17       00E25E
__end_of_OSCILLATOR_Initialize                text14       00DBB4
__end_of_PIN_MANAGER_Initialize               text13       00E5D2
__end_of_PMD_Initialize                       text12       00DBC8
__end_of_Read_Battery_Voltage                 text16       00DFD0
__end_of_Right_Turn                           text15       00E17A
__end_of_SYSTEM_Initialize                    text11       00DBA2
__end_of_Stop                                 text9        00DB42
__end_of_TMR0_Initialize                      text45       00DBF4
__end_of_TMR0_Read16BitTimer                  text44       00DCB4
__end_of_TMR0_StartTimer                      text43       00DB36
__end_of_TMR0_StopTimer                       text42       00DB3A
__end_of_TMR0_Write16BitTimer                 text41       00DB94
__end_of_UART1_DefaultErrorHandler            text58       00DB28
__end_of_UART1_DefaultFramingErrorHandler     text57       00DB2A
__end_of_UART1_DefaultOverrunErrorHandler     text56       00DB2C
__end_of_UART1_Initialize                     text5        00DE18
__end_of_UART1_Read                           text55       00E400
__end_of_UART1_SetErrorHandler                text8        00DB56
__end_of_UART1_SetFramingErrorHandler         text7        00DB60
__end_of_UART1_SetOverrunErrorHandler         text6        00DB6A
__end_of_UART1_Write                          text54       00DC24
__end_of_UART1_is_rx_ready                    text53       00DBDE
__end_of_UART1_is_tx_ready                    text52       00DCDE
__end_of_UART2_DefaultErrorHandler            text26       00DB2E
__end_of_UART2_DefaultFramingErrorHandler     text25       00DB30
__end_of_UART2_DefaultOverrunErrorHandler     text24       00DB32
__end_of_UART2_Initialize                     text1        00DDCA
__end_of_UART2_Read                           text23       00E494
__end_of_UART2_SetErrorHandler                text4        00DB74
__end_of_UART2_SetFramingErrorHandler         text3        00DB7E
__end_of_UART2_SetOverrunErrorHandler         text2        00DB88
__end_of_UART2_Write                          text35       00DC3E
__end_of_UART2_is_rx_ready                    text22       00DC0A
__end_of_UART2_is_tx_ready                    text21       00DD08
__end_of___awdiv                              text40       00E8A0
__end_of___awmod                              text39       00E72C
__end_of___lwdiv                              text38       00E1EC
__end_of___lwmod                              text37       00E034
__end_of__initialization                      cinit        00DC8C
__end_of_abs                                  text36       00DD3C
__end_of_fputc                                text33       00E67E
__end_of_i2c1_fsmStateTable                   mediumconst  00FB2D
__end_of_main                                 text0        00FB06
__end_of_printf                               text28       00DC58
__end_of_putch                                text34       00DB4C
__end_of_sprintf                              text30       00DD80
__end_of_vfpfcnvrt                            text32       00EE36
__end_of_vfprintf                             text31       00DF12
__initialization                              cinit        00DC74
__mediumconst                                 mediumconst  00FB06
__pbssBANK0                                   bssBANK0     000060
__pbssCOMRAM                                  bssCOMRAM    000053
__pcinit                                      cinit        00DC74
__pcstackBANK0                                cstackBANK0  0000BB
__pcstackCOMRAM                               cstackCOMRAM 000001
__pmediumconst                                mediumconst  00FB06
__pnvCOMRAM                                   nvCOMRAM     000047
__ptext0                                      text0        00EE36
__ptext1                                      text1        00DD80
__ptext10                                     text10       00E0A0
__ptext11                                     text11       00DB94
__ptext12                                     text12       00DBB4
__ptext13                                     text13       00E532
__ptext14                                     text14       00DBA2
__ptext15                                     text15       00E10C
__ptext16                                     text16       00DF6E
__ptext17                                     text17       00E1EC
__ptext18                                     text18       00DE6A
__ptext19                                     text19       00E25E
__ptext2                                      text2        00DB7E
__ptext20                                     text20       00E2E4
__ptext21                                     text21       00DCDE
__ptext22                                     text22       00DBF4
__ptext23                                     text23       00E400
__ptext24                                     text24       00DB30
__ptext25                                     text25       00DB2E
__ptext26                                     text26       00DB2C
__ptext27                                     text27       00E8A0
__ptext28                                     text28       00DC3E
__ptext29                                     text29       00E9B6
__ptext3                                      text3        00DB74
__ptext30                                     text30       00DD3C
__ptext31                                     text31       00DEBC
__ptext32                                     text32       00EB00
__ptext33                                     text33       00E5D2
__ptext34                                     text34       00DB42
__ptext35                                     text35       00DC24
__ptext36                                     text36       00DD08
__ptext37                                     text37       00DFD0
__ptext38                                     text38       00E17A
__ptext39                                     text39       00E67E
__ptext4                                      text4        00DB6A
__ptext40                                     text40       00E7E0
__ptext41                                     text41       00DB88
__ptext42                                     text42       00DB36
__ptext43                                     text43       00DB32
__ptext44                                     text44       00DC92
__ptext45                                     text45       00DBDE
__ptext46                                     text46       00E494
__ptext47                                     text47       00DE18
__ptext48                                     text48       00DC58
__ptext49                                     text49       00E72C
__ptext5                                      text5        00DDCA
__ptext50                                     text50       00E034
__ptext51                                     text51       00DF12
__ptext52                                     text52       00DCB4
__ptext53                                     text53       00DBC8
__ptext54                                     text54       00DC0A
__ptext55                                     text55       00E36C
__ptext56                                     text56       00DB2A
__ptext57                                     text57       00DB28
__ptext58                                     text58       00DB26
__ptext6                                      text6        00DB60
__ptext7                                      text7        00DB56
__ptext8                                      text8        00DB4C
__ptext9                                      text9        00DB3A
__ramtop                                      ramtop       001000
__smallconst                                  mediumconst  00FB06
_abs                                          text36       00DD08
_counts                                       bssCOMRAM    000059
_dbuf                                         bssBANK0     000060
_flags                                        bssCOMRAM    00005B
_fputc                                        text33       00E5D2
_i2c1_fsmStateTable                           mediumconst  00FB07
_main                                         text0        00EE36
_nout                                         bssCOMRAM    000053
_prec                                         bssCOMRAM    000057
_printf                                       text28       00DC3E
_putch                                        text34       00DB42
_rd1RegCompleteHandler                        (abs)        000000
_rd2RegCompleteHandler                        (abs)        000000
_rdBlkRegCompleteHandler                      (abs)        000000
_sensor_data                                  bssBANK0     00009D
_sensor_values                                bssBANK0     0000B1
_sprintf                                      text30       00DD3C
_uart1RxLastError                             bssCOMRAM    00005D
_uart2RxLastError                             bssCOMRAM    00005C
_vfpfcnvrt                                    text32       00EB00
_vfprintf                                     text31       00DEBC
_width                                        bssCOMRAM    000055
_wr1RegCompleteHandler                        (abs)        000000
_wr2RegCompleteHandler                        (abs)        000000
abs@a                                         cstackCOMRAM 000007
end_of_initialization                         cinit        00DC8C
fputc@c                                       cstackCOMRAM 000003
fputc@fp                                      cstackCOMRAM 000005
intlevel0                                     text         000000
intlevel1                                     text         000000
intlevel2                                     text         000000
intlevel3                                     text         000000
isa$std                                       (abs)        000001
isa$xinst                                     (abs)        000000
main@any                                      cstackBANK0  0000BB
main@battery                                  cstackBANK0  0000E5
main@black                                    cstackBANK0  0000DB
main@differential                             cstackBANK0  0000E7
main@i                                        cstackBANK0  0000ED
main@i_319                                    cstackBANK0  0000E8
main@i_320                                    cstackBANK0  0000DF
main@i_327                                    cstackBANK0  0000EA
main@key                                      cstackBANK0  0000DE
main@key2                                     cstackBANK0  0000D0
main@length                                   cstackBANK0  0000EC
main@lowerbyte                                cstackBANK0  0000C6
main@msg                                      cstackBANK0  0000D1
main@sensor                                   cstackBANK0  0000E1
main@sensor_data                              cstackBANK0  0000BC
main@sensor_value                             cstackBANK0  0000E2
main@speed                                    cstackBANK0  0000EE
main@sum                                      cstackBANK0  0000E3
main@turn                                     cstackBANK0  0000DC
main@upperbyte                                cstackBANK0  0000CB
main@white                                    cstackBANK0  0000DA
printf@ap                                     cstackCOMRAM 000026
printf@fmt                                    cstackCOMRAM 000020
putch@txData                                  cstackCOMRAM 000002
sprintf@ap                                    cstackCOMRAM 000029
sprintf@f                                     cstackCOMRAM 00002A
sprintf@fmt                                   cstackCOMRAM 000021
sprintf@ret                                   cstackCOMRAM 000027
sprintf@s                                     cstackCOMRAM 000020
stackhi                                       (abs)        000000
stacklo                                       (abs)        000000
start                                         init         00FFFC
start_initialization                          cinit        00DC74
vfpfcnvrt@ap                                  cstackCOMRAM 00000D
vfpfcnvrt@c                                   cstackCOMRAM 000019
vfpfcnvrt@cnt                                 cstackCOMRAM 000011
vfpfcnvrt@convarg                             cstackCOMRAM 000015
vfpfcnvrt@cp                                  cstackCOMRAM 000013
vfpfcnvrt@done                                cstackCOMRAM 000010
vfpfcnvrt@fmt                                 cstackCOMRAM 00000C
vfpfcnvrt@fp                                  cstackCOMRAM 00000B
vfprintf@ap                                   cstackCOMRAM 00001D
vfprintf@cfmt                                 cstackCOMRAM 00001E
vfprintf@fmt                                  cstackCOMRAM 00001B
vfprintf@fp                                   cstackCOMRAM 00001A


MODULE INFORMATION

Module		Function		Class		Link	Load	Size
robotmain.c
		_Get_Key       		CODE           	E2E4	0000	136
		_main          		CODE           	EE36	0000	3280
		_Countdown     		CODE           	E9B6	0000	330
		_Get_Number    		CODE           	E25E	0000	134
		_Diagnostic_Menu		CODE           	E8A0	0000	278

robotmain.c estimated size: 4158

C:\Program Files\Microchip\xc8\v3.10\pic\sources\c99\common\lwmod.c
		___lwmod       		CODE           	DFD0	0000	100

C:\Program Files\Microchip\xc8\v3.10\pic\sources\c99\common\lwmod.c estimated size: 100

C:\Program Files\Microchip\xc8\v3.10\pic\sources\c99\common\awmod.c
		___awmod       		CODE           	E67E	0000	174

C:\Program Files\Microchip\xc8\v3.10\pic\sources\c99\common\awmod.c estimated size: 174

C:\Program Files\Microchip\xc8\v3.10\pic\sources\c99\common\abs.c
		_abs           		CODE           	DD08	0000	52

C:\Program Files\Microchip\xc8\v3.10\pic\sources\c99\common\abs.c estimated size: 52

../Common/uart1.c
		_UART1_Write   		CODE           	DC0A	0000	26
		_UART1_SetFramingErrorHandler		CODE           	DB56	0000	10
		_UART1_SetOverrunErrorHandler		CODE           	DB60	0000	10
		_UART1_Initialize		CODE           	DDCA	0000	78
		_UART1_SetErrorHandler		CODE           	DB4C	0000	10
		_UART1_Read    		CODE           	E36C	0000	148
		_UART1_DefaultFramingErrorHandler		CODE           	DB28	0000	2
		_UART1_is_rx_ready		CODE           	DBC8	0000	22
		_UART1_is_tx_ready		CODE           	DCB4	0000	42
		_UART1_DefaultErrorHandler		CODE           	DB26	0000	2
		_UART1_DefaultOverrunErrorHandler		CODE           	DB2A	0000	2

../Common/uart1.c estimated size: 352

../Common/tmr0.c
		_TMR0_StopTimer		CODE           	DB36	0000	4
		_TMR0_StartTimer		CODE           	DB32	0000	4
		_TMR0_Write16BitTimer		CODE           	DB88	0000	12
		_TMR0_Read16BitTimer		CODE           	DC92	0000	34
		_TMR0_Initialize		CODE           	DBDE	0000	22

../Common/tmr0.c estimated size: 76

pololu_robot.c
		_Right_Turn    		CODE           	E10C	0000	110
		_Forward       		CODE           	E0A0	0000	108
		_Left_Turn     		CODE           	E1EC	0000	114
		_Auto_Calibrate		CODE           	DF12	0000	92
		_Read_Battery_Voltage		CODE           	DF6E	0000	98
		_LCD_PrintCharacter		CODE           	DE6A	0000	82
		_LCD_Position  		CODE           	DE18	0000	82
		_LCD_Clear     		CODE           	DC58	0000	28
		_Backward      		CODE           	E034	0000	108
		_LCD_Print     		CODE           	E494	0000	158
		_Calibrate_Sensors		CODE           	E72C	0000	180
		_Stop          		CODE           	DB3A	0000	8

pololu_robot.c estimated size: 1168

C:\Program Files\Microchip\xc8\v3.10\pic\sources\c99\common\printf.c
		_printf        		CODE           	DC3E	0000	26

C:\Program Files\Microchip\xc8\v3.10\pic\sources\c99\common\printf.c estimated size: 26

../Common/pin_manager.c
		_PIN_MANAGER_Initialize		CODE           	E532	0000	160

../Common/pin_manager.c estimated size: 160

C:\Program Files\Microchip\xc8\v3.10\pic\sources\c99\common\lwdiv.c
		___lwdiv       		CODE           	E17A	0000	114

C:\Program Files\Microchip\xc8\v3.10\pic\sources\c99\common\lwdiv.c estimated size: 114

C:\Program Files\Microchip\xc8\v3.10\pic\sources\c99\common\awdiv.c
		___awdiv       		CODE           	E7E0	0000	192

C:\Program Files\Microchip\xc8\v3.10\pic\sources\c99\common\awdiv.c estimated size: 192

C:\Program Files\Microchip\xc8\v3.10\pic\sources\c99\common\nf_sprintf.c
		_sprintf       		CODE           	DD3C	0000	68

C:\Program Files\Microchip\xc8\v3.10\pic\sources\c99\common\nf_sprintf.c estimated size: 68

../Common/initialize.c
		_PMD_Initialize		CODE           	DBB4	0000	20
		_OSCILLATOR_Initialize		CODE           	DBA2	0000	18
		_SYSTEM_Initialize		CODE           	DB94	0000	14

../Common/initialize.c estimated size: 52

shared
		__initialization		CODE           	DC74	0000	24
		_i2c1_fsmStateTable		MEDIUMCONST    	FB07	0000	38

shared estimated size: 62

C:\Program Files\Microchip\xc8\v3.10\pic\sources\c99\common\nf_fputc.c
		_fputc         		CODE           	E5D2	0000	172

C:\Program Files\Microchip\xc8\v3.10\pic\sources\c99\common\nf_fputc.c estimated size: 172

../Common/uart2.c
		_UART2_is_rx_ready		CODE           	DBF4	0000	22
		_UART2_is_tx_ready		CODE           	DCDE	0000	42
		_UART2_DefaultErrorHandler		CODE           	DB2C	0000	2
		_UART2_DefaultOverrunErrorHandler		CODE           	DB30	0000	2
		_putch         		CODE           	DB42	0000	10
		_UART2_Write   		CODE           	DC24	0000	26
		_UART2_SetFramingErrorHandler		CODE           	DB74	0000	10
		_UART2_SetOverrunErrorHandler		CODE           	DB7E	0000	10
		_UART2_Initialize		CODE           	DD80	0000	74
		_UART2_SetErrorHandler		CODE           	DB6A	0000	10
		_UART2_Read    		CODE           	E400	0000	148
		_UART2_DefaultFramingErrorHandler		CODE           	DB2E	0000	2

../Common/uart2.c estimated size: 358

C:\Program Files\Microchip\xc8\v3.10\pic\sources\c99\common\doprnt.c
		_vfpfcnvrt     		CODE           	EB00	0000	822
		_vfprintf      		CODE           	DEBC	0000	86

C:\Program Files\Microchip\xc8\v3.10\pic\sources\c99\common\doprnt.c estimated size: 908

